Component: ARM Compiler 5.06 update 6 (build 750) Tool: armlink [4d35ed]

==============================================================================

Section Cross References

    main.o(i.BL_Task) refers to memseta.o(.text) for __aeabi_memclr4
    main.o(i.BL_Task) refers to blu.o(i.BL_init) for BL_init
    main.o(i.BL_Task) refers to stm32f10x_it.o(i.setms_timecount_HTGP) for setms_timecount_HTGP
    main.o(i.BL_Task) refers to stm32f10x_iwdg.o(i.IWDG_ReloadCounter) for IWDG_ReloadCounter
    main.o(i.BL_Task) refers to blu.o(i.BL_Recive) for BL_Recive
    main.o(i.BL_Task) refers to blu.o(i.BL_Send) for BL_Send
    main.o(i.BL_Task) refers to hexstring.o(i.hexStringToBytes) for hexStringToBytes
    main.o(i.BL_Task) refers to main.o(.data) for init_obd_port
    main.o(i.BL_Task) refers to main.o(.bss) for msg_log
    main.o(i.BL_Task) refers to blu.o(.data) for deviceId
    main.o(i.BL_Task) refers to obdii.o(.data) for obd_count
    main.o(i.OBD_Task) refers to obdii.o(i.OBD_Serial_Init) for OBD_Serial_Init
    main.o(i.OBD_Task) refers to tasks.o(i.vTaskDelay) for vTaskDelay
    main.o(i.OBD_Task) refers to obdii.o(i.K_line_send) for K_line_send
    main.o(i.OBD_Task) refers to obdii.o(i.OBD_ecu_Init) for OBD_ecu_Init
    main.o(i.OBD_Task) refers to main.o(i.delay) for delay
    main.o(i.OBD_Task) refers to obdii.o(i.K_line_RCV) for K_line_RCV
    main.o(i.OBD_Task) refers to blu.o(i.BL_Send) for BL_Send
    main.o(i.OBD_Task) refers to hexstring.o(i.bytesToHexString) for bytesToHexString
    main.o(i.OBD_Task) refers to stm32f10x_it.o(i.dif_count_obd2) for dif_count_obd2
    main.o(i.OBD_Task) refers to main.o(.data) for obd_send_flag
    main.o(i.OBD_Task) refers to main.o(.bss) for k_cmd4
    main.o(i.OBD_Task) refers to blu.o(.data) for deviceId
    main.o(i.main) refers to stm32f10x_iwdg.o(i.IWDG_WriteAccessCmd) for IWDG_WriteAccessCmd
    main.o(i.main) refers to stm32f10x_iwdg.o(i.IWDG_SetPrescaler) for IWDG_SetPrescaler
    main.o(i.main) refers to stm32f10x_iwdg.o(i.IWDG_SetReload) for IWDG_SetReload
    main.o(i.main) refers to stm32f10x_iwdg.o(i.IWDG_ReloadCounter) for IWDG_ReloadCounter
    main.o(i.main) refers to stm32f10x_iwdg.o(i.IWDG_Enable) for IWDG_Enable
    main.o(i.main) refers to tasks.o(i.xTaskGenericCreate) for xTaskGenericCreate
    main.o(i.main) refers to tasks.o(i.vTaskStartScheduler) for vTaskStartScheduler
    main.o(i.main) refers to main.o(i.OBD_Task) for OBD_Task
    main.o(i.main) refers to main.o(i.BL_Task) for BL_Task
    stm32f10x_it.o(i.GeterSystick) refers to stm32f10x_it.o(.data) for count
    stm32f10x_it.o(i.Geterms) refers to uldiv.o(.text) for __aeabi_uldivmod
    stm32f10x_it.o(i.Geterms) refers to stm32f10x_it.o(.data) for count
    stm32f10x_it.o(i.Geterus) refers to uldiv.o(.text) for __aeabi_uldivmod
    stm32f10x_it.o(i.Geterus) refers to stm32f10x_it.o(.data) for count
    stm32f10x_it.o(i.TIM2_IRQHandler) refers to stm32f10x_tim.o(i.TIM_ClearITPendingBit) for TIM_ClearITPendingBit
    stm32f10x_it.o(i.TIM2_IRQHandler) refers to obdii.o(.data) for init_obd
    stm32f10x_it.o(i.USART1_IRQHandler) refers to stm32f10x_usart.o(i.USART_ReceiveData) for USART_ReceiveData
    stm32f10x_it.o(i.USART1_IRQHandler) refers to stm32f10x_it.o(i.setms_timecount_obd) for setms_timecount_obd
    stm32f10x_it.o(i.USART1_IRQHandler) refers to stm32f10x_usart.o(i.USART_ClearFlag) for USART_ClearFlag
    stm32f10x_it.o(i.USART1_IRQHandler) refers to obdii.o(.data) for OBD_RCV_T
    stm32f10x_it.o(i.USART1_IRQHandler) refers to obdii.o(.bss) for obd_data
    stm32f10x_it.o(i.USART2_IRQHandler) refers to stm32f10x_usart.o(i.USART_ReceiveData) for USART_ReceiveData
    stm32f10x_it.o(i.USART2_IRQHandler) refers to stm32f10x_it.o(i.setms_timecount) for setms_timecount
    stm32f10x_it.o(i.USART2_IRQHandler) refers to stm32f10x_usart.o(i.USART_ClearFlag) for USART_ClearFlag
    stm32f10x_it.o(i.USART2_IRQHandler) refers to blu.o(.bss) for AT_buf
    stm32f10x_it.o(i.USART2_IRQHandler) refers to blu.o(.data) for AT_count
    stm32f10x_it.o(i.USB_LP_CAN1_RX0_IRQHandler) refers to stm32f10x_can.o(i.CAN_Receive) for CAN_Receive
    stm32f10x_it.o(i.USB_LP_CAN1_RX0_IRQHandler) refers to stm32f10x_can.o(i.CAN_ClearFlag) for CAN_ClearFlag
    stm32f10x_it.o(i.USB_LP_CAN1_RX0_IRQHandler) refers to obdii.o(.data) for c_rcv_flag
    stm32f10x_it.o(i.dif_count) refers to stm32f10x_it.o(.data) for difs_count
    stm32f10x_it.o(i.dif_count_HTGP) refers to stm32f10x_it.o(.data) for difs_count_HTGP
    stm32f10x_it.o(i.dif_count_obd) refers to stm32f10x_it.o(.data) for difs_count_obd
    stm32f10x_it.o(i.dif_count_obd2) refers to stm32f10x_it.o(.data) for difs_count_obd2
    stm32f10x_it.o(i.seterSystick) refers to stm32f10x_it.o(.data) for count
    stm32f10x_it.o(i.setms_timecount) refers to stm32f10x_it.o(.data) for count
    stm32f10x_it.o(i.setms_timecount_HTGP) refers to stm32f10x_it.o(.data) for count
[...]
    Removing stm32f10x_flash.o(i.FLASH_LockBank1), (20 bytes).
    Removing stm32f10x_flash.o(i.FLASH_PrefetchBufferCmd), (28 bytes).
    Removing stm32f10x_flash.o(i.FLASH_ProgramHalfWord), (64 bytes).
    Removing stm32f10x_flash.o(i.FLASH_ProgramOptionByteData), (84 bytes).
    Removing stm32f10x_flash.o(i.FLASH_ProgramWord), (108 bytes).
    Removing stm32f10x_flash.o(i.FLASH_ReadOutProtection), (172 bytes).
    Removing stm32f10x_flash.o(i.FLASH_SetLatency), (24 bytes).
    Removing stm32f10x_flash.o(i.FLASH_Unlock), (24 bytes).
    Removing stm32f10x_flash.o(i.FLASH_UnlockBank1), (24 bytes).
    Removing stm32f10x_flash.o(i.FLASH_UserOptionByteConfig), (104 bytes).
    Removing stm32f10x_flash.o(i.FLASH_WaitForLastBank1Operation), (38 bytes).
    Removing stm32f10x_flash.o(i.FLASH_WaitForLastOperation), (38 bytes).
    Removing stm32f10x_gpio.o(i.GPIO_AFIODeInit), (20 bytes).
    Removing stm32f10x_gpio.o(i.GPIO_DeInit), (200 bytes).
    Removing stm32f10x_gpio.o(i.GPIO_ETH_MediaInterfaceConfig), (12 bytes).
    Removing stm32f10x_gpio.o(i.GPIO_EXTILineConfig), (64 bytes).
    Removing stm32f10x_gpio.o(i.GPIO_EventOutputCmd), (12 bytes).
    Removing stm32f10x_gpio.o(i.GPIO_EventOutputConfig), (32 bytes).
    Removing stm32f10x_gpio.o(i.GPIO_PinLockConfig), (18 bytes).
    Removing stm32f10x_gpio.o(i.GPIO_PinRemapConfig), (144 bytes).
    Removing stm32f10x_gpio.o(i.GPIO_ReadInputData), (8 bytes).
    Removing stm32f10x_gpio.o(i.GPIO_ReadInputDataBit), (18 bytes).
    Removing stm32f10x_gpio.o(i.GPIO_ReadOutputData), (8 bytes).
    Removing stm32f10x_gpio.o(i.GPIO_ReadOutputDataBit), (18 bytes).
    Removing stm32f10x_gpio.o(i.GPIO_StructInit), (16 bytes).
    Removing stm32f10x_gpio.o(i.GPIO_Write), (4 bytes).
    Removing stm32f10x_gpio.o(i.GPIO_WriteBit), (10 bytes).
    Removing stm32f10x_rcc.o(i.RCC_ADCCLKConfig), (24 bytes).
    Removing stm32f10x_rcc.o(i.RCC_AHBPeriphClockCmd), (32 bytes).
    Removing stm32f10x_rcc.o(i.RCC_AdjustHSICalibrationValue), (24 bytes).
    Removing stm32f10x_rcc.o(i.RCC_BackupResetCmd), (12 bytes).
    Removing stm32f10x_rcc.o(i.RCC_ClearFlag), (20 bytes).
    Removing stm32f10x_rcc.o(i.RCC_ClearITPendingBit), (12 bytes).
    Removing stm32f10x_rcc.o(i.RCC_ClockSecuritySystemCmd), (12 bytes).
    Removing stm32f10x_rcc.o(i.RCC_DeInit), (76 bytes).
    Removing stm32f10x_rcc.o(i.RCC_GetFlagStatus), (60 bytes).
    Removing stm32f10x_rcc.o(i.RCC_GetITStatus), (24 bytes).
    Removing stm32f10x_rcc.o(i.RCC_GetSYSCLKSource), (16 bytes).
    Removing stm32f10x_rcc.o(i.RCC_HCLKConfig), (24 bytes).
    Removing stm32f10x_rcc.o(i.RCC_HSEConfig), (76 bytes).
    Removing stm32f10x_rcc.o(i.RCC_HSICmd), (12 bytes).
    Removing stm32f10x_rcc.o(i.RCC_ITConfig), (32 bytes).
    Removing stm32f10x_rcc.o(i.RCC_LSEConfig), (52 bytes).
    Removing stm32f10x_rcc.o(i.RCC_LSICmd), (12 bytes).
    Removing stm32f10x_rcc.o(i.RCC_MCOConfig), (12 bytes).
    Removing stm32f10x_rcc.o(i.RCC_PCLK1Config), (24 bytes).
    Removing stm32f10x_rcc.o(i.RCC_PCLK2Config), (24 bytes).
    Removing stm32f10x_rcc.o(i.RCC_PLLCmd), (12 bytes).
    Removing stm32f10x_rcc.o(i.RCC_PLLConfig), (28 bytes).
    Removing stm32f10x_rcc.o(i.RCC_RTCCLKCmd), (12 bytes).
    Removing stm32f10x_rcc.o(i.RCC_RTCCLKConfig), (16 bytes).
    Removing stm32f10x_rcc.o(i.RCC_SYSCLKConfig), (24 bytes).
    Removing stm32f10x_rcc.o(i.RCC_USBCLKConfig), (12 bytes).
    Removing stm32f10x_rcc.o(i.RCC_WaitForHSEStartUp), (56 bytes).
    Removing stm32f10x_adc.o(i.ADC_AnalogWatchdogCmd), (20 bytes).
    Removing stm32f10x_adc.o(i.ADC_AnalogWatchdogSingleChannelConfig), (16 bytes).
    Removing stm32f10x_adc.o(i.ADC_AnalogWatchdogThresholdsConfig), (6 bytes).
    Removing stm32f10x_adc.o(i.ADC_AutoInjectedConvCmd), (22 bytes).
    Removing stm32f10x_adc.o(i.ADC_ClearFlag), (6 bytes).
    Removing stm32f10x_adc.o(i.ADC_ClearITPendingBit), (10 bytes).
    Removing stm32f10x_adc.o(i.ADC_Cmd), (22 bytes).
    Removing stm32f10x_adc.o(i.ADC_DMACmd), (22 bytes).
    Removing stm32f10x_adc.o(i.ADC_DeInit), (92 bytes).
    Removing stm32f10x_adc.o(i.ADC_DiscModeChannelCountConfig), (24 bytes).
    Removing stm32f10x_adc.o(i.ADC_DiscModeCmd), (22 bytes).
    Removing stm32f10x_adc.o(i.ADC_ExternalTrigConvCmd), (22 bytes).
    Removing stm32f10x_adc.o(i.ADC_ExternalTrigInjectedConvCmd), (22 bytes).
    Removing stm32f10x_adc.o(i.ADC_ExternalTrigInjectedConvConfig), (16 bytes).
    Removing stm32f10x_adc.o(i.ADC_GetCalibrationStatus), (20 bytes).
    Removing stm32f10x_adc.o(i.ADC_GetConversionValue), (8 bytes).
    Removing stm32f10x_adc.o(i.ADC_GetDualModeConversionValue), (12 bytes).
    Removing stm32f10x_adc.o(i.ADC_GetFlagStatus), (18 bytes).
    Removing stm32f10x_adc.o(i.ADC_GetITStatus), (36 bytes).
    Removing stm32f10x_adc.o(i.ADC_GetInjectedConversionValue), (28 bytes).
    Removing stm32f10x_adc.o(i.ADC_GetResetCalibrationStatus), (20 bytes).
    Removing stm32f10x_adc.o(i.ADC_GetSoftwareStartConvStatus), (20 bytes).
    Removing stm32f10x_adc.o(i.ADC_GetSoftwareStartInjectedConvCmdStatus), (20 bytes).
    Removing stm32f10x_adc.o(i.ADC_ITConfig), (24 bytes).
    Removing stm32f10x_adc.o(i.ADC_Init), (80 bytes).
    Removing stm32f10x_adc.o(i.ADC_InjectedChannelConfig), (130 bytes).
    Removing stm32f10x_adc.o(i.ADC_InjectedDiscModeCmd), (22 bytes).
    Removing stm32f10x_adc.o(i.ADC_InjectedSequencerLengthConfig), (24 bytes).
    Removing stm32f10x_adc.o(i.ADC_RegularChannelConfig), (184 bytes).
    Removing stm32f10x_adc.o(i.ADC_ResetCalibration), (10 bytes).
    Removing stm32f10x_adc.o(i.ADC_SetInjectedOffset), (20 bytes).
    Removing stm32f10x_adc.o(i.ADC_SoftwareStartConvCmd), (22 bytes).
    Removing stm32f10x_adc.o(i.ADC_SoftwareStartInjectedConvCmd), (22 bytes).
    Removing stm32f10x_adc.o(i.ADC_StartCalibration), (10 bytes).
    Removing stm32f10x_adc.o(i.ADC_StructInit), (18 bytes).
    Removing stm32f10x_adc.o(i.ADC_TempSensorVrefintCmd), (36 bytes).
    Removing stm32f10x_bkp.o(i.BKP_ClearFlag), (20 bytes).
    Removing stm32f10x_bkp.o(i.BKP_ClearITPendingBit), (20 bytes).
    Removing stm32f10x_bkp.o(i.BKP_DeInit), (16 bytes).
    Removing stm32f10x_bkp.o(i.BKP_GetFlagStatus), (12 bytes).
    Removing stm32f10x_bkp.o(i.BKP_GetITStatus), (12 bytes).
    Removing stm32f10x_bkp.o(i.BKP_ITConfig), (12 bytes).
    Removing stm32f10x_bkp.o(i.BKP_RTCOutputConfig), (28 bytes).
    Removing stm32f10x_bkp.o(i.BKP_ReadBackupRegister), (28 bytes).
    Removing stm32f10x_bkp.o(i.BKP_SetRTCCalibrationValue), (28 bytes).
    Removing stm32f10x_bkp.o(i.BKP_TamperPinCmd), (12 bytes).
    Removing stm32f10x_bkp.o(i.BKP_TamperPinLevelConfig), (12 bytes).
    Removing stm32f10x_bkp.o(i.BKP_WriteBackupRegister), (28 bytes).
    Removing stm32f10x_can.o(i.CAN_ClearITPendingBit), (168 bytes).
    Removing stm32f10x_can.o(i.CAN_DBGFreeze), (22 bytes).
    Removing stm32f10x_can.o(i.CAN_DeInit), (56 bytes).
    Removing stm32f10x_can.o(i.CAN_FilterInit), (264 bytes).
    Removing stm32f10x_can.o(i.CAN_GetFlagStatus), (120 bytes).
    Removing stm32f10x_can.o(i.CAN_GetITStatus), (300 bytes).
    Removing stm32f10x_can.o(i.CAN_ITConfig), (18 bytes).
    Removing stm32f10x_can.o(i.CAN_Init), (276 bytes).
    Removing stm32f10x_can.o(i.CAN_MessagePending), (30 bytes).
    Removing stm32f10x_can.o(i.CAN_SlaveStartBank), (52 bytes).
    Removing stm32f10x_can.o(i.CAN_Sleep), (30 bytes).
    Removing stm32f10x_can.o(i.CAN_StructInit), (32 bytes).
    Removing stm32f10x_can.o(i.CAN_WakeUp), (48 bytes).
    Removing stm32f10x_can.o(i.CheckITStatus), (18 bytes).
    Removing stm32f10x_cec.o(i.CEC_ClearFlag), (36 bytes).
    Removing stm32f10x_cec.o(i.CEC_ClearITPendingBit), (36 bytes).
    Removing stm32f10x_cec.o(i.CEC_Cmd), (32 bytes).
    Removing stm32f10x_cec.o(i.CEC_DeInit), (22 bytes).
    Removing stm32f10x_cec.o(i.CEC_EndOfMessageCmd), (12 bytes).
    Removing stm32f10x_cec.o(i.CEC_GetFlagStatus), (48 bytes).
    Removing stm32f10x_cec.o(i.CEC_GetITStatus), (40 bytes).
    Removing stm32f10x_cec.o(i.CEC_ITConfig), (12 bytes).
    Removing stm32f10x_cec.o(i.CEC_Init), (32 bytes).
    Removing stm32f10x_cec.o(i.CEC_OwnAddressConfig), (12 bytes).
    Removing stm32f10x_cec.o(i.CEC_ReceiveDataByte), (12 bytes).
    Removing stm32f10x_cec.o(i.CEC_SendDataByte), (12 bytes).
    Removing stm32f10x_cec.o(i.CEC_SetPrescaler), (12 bytes).
    Removing stm32f10x_cec.o(i.CEC_StartOfMessage), (12 bytes).
    Removing stm32f10x_crc.o(i.CRC_CalcBlockCRC), (36 bytes).
    Removing stm32f10x_crc.o(i.CRC_CalcCRC), (16 bytes).
    Removing stm32f10x_crc.o(i.CRC_GetCRC), (12 bytes).
    Removing stm32f10x_crc.o(i.CRC_GetIDRegister), (12 bytes).
    Removing stm32f10x_crc.o(i.CRC_ResetDR), (12 bytes).
    Removing stm32f10x_crc.o(i.CRC_SetIDRegister), (12 bytes).
    Removing stm32f10x_dac.o(i.DAC_Cmd), (40 bytes).
    Removing stm32f10x_dac.o(i.DAC_DMACmd), (44 bytes).
    Removing stm32f10x_dac.o(i.DAC_DeInit), (22 bytes).
    Removing stm32f10x_dac.o(i.DAC_DualSoftwareTriggerCmd), (36 bytes).
    Removing stm32f10x_dac.o(i.DAC_GetDataOutputValue), (36 bytes).
    Removing stm32f10x_dac.o(i.DAC_Init), (52 bytes).
    Removing stm32f10x_dac.o(i.DAC_SetChannel1Data), (32 bytes).
    Removing stm32f10x_dac.o(i.DAC_SetChannel2Data), (32 bytes).
    Removing stm32f10x_dac.o(i.DAC_SetDualChannelData), (36 bytes).
    Removing stm32f10x_dac.o(i.DAC_SoftwareTriggerCmd), (44 bytes).
    Removing stm32f10x_dac.o(i.DAC_StructInit), (12 bytes).
    Removing stm32f10x_dac.o(i.DAC_WaveGenerationCmd), (40 bytes).
    Removing stm32f10x_dbgmcu.o(i.DBGMCU_Config), (32 bytes).
    Removing stm32f10x_dbgmcu.o(i.DBGMCU_GetDEVID), (16 bytes).
    Removing stm32f10x_dbgmcu.o(i.DBGMCU_GetREVID), (12 bytes).
    Removing stm32f10x_dma.o(i.DMA_ClearFlag), (28 bytes).
    Removing stm32f10x_dma.o(i.DMA_ClearITPendingBit), (28 bytes).
    Removing stm32f10x_dma.o(i.DMA_Cmd), (24 bytes).
    Removing stm32f10x_dma.o(i.DMA_DeInit), (332 bytes).
    Removing stm32f10x_dma.o(i.DMA_GetCurrDataCounter), (8 bytes).
    Removing stm32f10x_dma.o(i.DMA_GetFlagStatus), (44 bytes).
    Removing stm32f10x_dma.o(i.DMA_GetITStatus), (44 bytes).
    Removing stm32f10x_dma.o(i.DMA_ITConfig), (18 bytes).
    Removing stm32f10x_dma.o(i.DMA_Init), (60 bytes).
    Removing stm32f10x_dma.o(i.DMA_SetCurrDataCounter), (4 bytes).
    Removing stm32f10x_dma.o(i.DMA_StructInit), (26 bytes).
    Removing stm32f10x_exti.o(i.EXTI_ClearFlag), (12 bytes).
    Removing stm32f10x_exti.o(i.EXTI_ClearITPendingBit), (12 bytes).
    Removing stm32f10x_exti.o(i.EXTI_DeInit), (36 bytes).
    Removing stm32f10x_exti.o(i.EXTI_GenerateSWInterrupt), (16 bytes).
    Removing stm32f10x_exti.o(i.EXTI_GetFlagStatus), (24 bytes).
    Removing stm32f10x_exti.o(i.EXTI_GetITStatus), (40 bytes).
    Removing stm32f10x_exti.o(i.EXTI_Init), (148 bytes).
    Removing stm32f10x_exti.o(i.EXTI_StructInit), (16 bytes).
    Removing stm32f10x_fsmc.o(i.FSMC_ClearFlag), (64 bytes).
    Removing stm32f10x_fsmc.o(i.FSMC_ClearITPendingBit), (72 bytes).
    Removing stm32f10x_fsmc.o(i.FSMC_GetECC), (28 bytes).
    Removing stm32f10x_fsmc.o(i.FSMC_GetFlagStatus), (56 bytes).
    Removing stm32f10x_fsmc.o(i.FSMC_GetITStatus), (68 bytes).
    Removing stm32f10x_fsmc.o(i.FSMC_ITConfig), (128 bytes).
    Removing stm32f10x_fsmc.o(i.FSMC_NANDCmd), (92 bytes).
    Removing stm32f10x_fsmc.o(i.FSMC_NANDDeInit), (68 bytes).
    Removing stm32f10x_fsmc.o(i.FSMC_NANDECCCmd), (92 bytes).
    Removing stm32f10x_fsmc.o(i.FSMC_NANDInit), (136 bytes).
    Removing stm32f10x_fsmc.o(i.FSMC_NANDStructInit), (54 bytes).
    Removing stm32f10x_fsmc.o(i.FSMC_NORSRAMCmd), (52 bytes).
    Removing stm32f10x_fsmc.o(i.FSMC_NORSRAMDeInit), (54 bytes).
    Removing stm32f10x_fsmc.o(i.FSMC_NORSRAMInit), (230 bytes).
    Removing stm32f10x_fsmc.o(i.FSMC_NORSRAMStructInit), (114 bytes).
    Removing stm32f10x_fsmc.o(i.FSMC_PCCARDCmd), (48 bytes).
    Removing stm32f10x_fsmc.o(i.FSMC_PCCARDDeInit), (40 bytes).
    Removing stm32f10x_fsmc.o(i.FSMC_PCCARDInit), (132 bytes).
    Removing stm32f10x_fsmc.o(i.FSMC_PCCARDStructInit), (60 bytes).
    Removing stm32f10x_i2c.o(i.I2C_ARPCmd), (24 bytes).
    Removing stm32f10x_i2c.o(i.I2C_AcknowledgeConfig), (24 bytes).
    Removing stm32f10x_i2c.o(i.I2C_CalculatePEC), (24 bytes).
    Removing stm32f10x_i2c.o(i.I2C_CheckEvent), (42 bytes).
    Removing stm32f10x_i2c.o(i.I2C_ClearFlag), (12 bytes).
    Removing stm32f10x_i2c.o(i.I2C_ClearITPendingBit), (12 bytes).
    Removing stm32f10x_i2c.o(i.I2C_Cmd), (24 bytes).
    Removing stm32f10x_i2c.o(i.I2C_DMACmd), (24 bytes).
    Removing stm32f10x_i2c.o(i.I2C_DMALastTransferCmd), (24 bytes).
    Removing stm32f10x_i2c.o(i.I2C_DeInit), (56 bytes).
    Removing stm32f10x_i2c.o(i.I2C_DualAddressCmd), (24 bytes).
    Removing stm32f10x_i2c.o(i.I2C_FastModeDutyCycleConfig), (28 bytes).
    Removing stm32f10x_i2c.o(i.I2C_GeneralCallCmd), (24 bytes).
    Removing stm32f10x_i2c.o(i.I2C_GenerateSTART), (24 bytes).
    Removing stm32f10x_i2c.o(i.I2C_GenerateSTOP), (24 bytes).
    Removing stm32f10x_i2c.o(i.I2C_GetFlagStatus), (58 bytes).
    Removing stm32f10x_i2c.o(i.I2C_GetITStatus), (38 bytes).
    Removing stm32f10x_i2c.o(i.I2C_GetLastEvent), (26 bytes).
    Removing stm32f10x_i2c.o(i.I2C_GetPEC), (8 bytes).
    Removing stm32f10x_i2c.o(i.I2C_ITConfig), (18 bytes).
    Removing stm32f10x_i2c.o(i.I2C_Init), (236 bytes).
    Removing stm32f10x_i2c.o(i.I2C_OwnAddress2Config), (22 bytes).
    Removing stm32f10x_i2c.o(i.I2C_PECPositionConfig), (28 bytes).
    Removing stm32f10x_i2c.o(i.I2C_ReadRegister), (22 bytes).
    Removing stm32f10x_i2c.o(i.I2C_ReceiveData), (8 bytes).
    Removing stm32f10x_i2c.o(i.I2C_SMBusAlertConfig), (28 bytes).
    Removing stm32f10x_i2c.o(i.I2C_Send7bitAddress), (18 bytes).
    Removing stm32f10x_i2c.o(i.I2C_SendData), (4 bytes).
    Removing stm32f10x_i2c.o(i.I2C_SoftwareResetCmd), (22 bytes).
    Removing stm32f10x_i2c.o(i.I2C_StretchClockCmd), (24 bytes).
    Removing stm32f10x_i2c.o(i.I2C_StructInit), (30 bytes).
    Removing stm32f10x_i2c.o(i.I2C_TransmitPEC), (24 bytes).
    Removing stm32f10x_iwdg.o(i.IWDG_GetFlagStatus), (24 bytes).
    Removing stm32f10x_pwr.o(i.PWR_BackupAccessCmd), (12 bytes).
    Removing stm32f10x_pwr.o(i.PWR_ClearFlag), (20 bytes).
    Removing stm32f10x_pwr.o(i.PWR_DeInit), (22 bytes).
    Removing stm32f10x_pwr.o(i.PWR_EnterSTANDBYMode), (52 bytes).
    Removing stm32f10x_pwr.o(i.PWR_EnterSTOPMode), (64 bytes).
    Removing stm32f10x_pwr.o(i.PWR_GetFlagStatus), (24 bytes).
    Removing stm32f10x_pwr.o(i.PWR_PVDCmd), (12 bytes).
    Removing stm32f10x_pwr.o(i.PWR_PVDLevelConfig), (24 bytes).
    Removing stm32f10x_pwr.o(i.PWR_WakeUpPinCmd), (12 bytes).
    Removing stm32f10x_rtc.o(i.RTC_ClearFlag), (16 bytes).
    Removing stm32f10x_rtc.o(i.RTC_ClearITPendingBit), (16 bytes).
    Removing stm32f10x_rtc.o(i.RTC_EnterConfigMode), (20 bytes).
    Removing stm32f10x_rtc.o(i.RTC_ExitConfigMode), (20 bytes).
    Removing stm32f10x_rtc.o(i.RTC_GetCounter), (20 bytes).
    Removing stm32f10x_rtc.o(i.RTC_GetDivider), (24 bytes).
    Removing stm32f10x_rtc.o(i.RTC_GetFlagStatus), (24 bytes).
    Removing stm32f10x_rtc.o(i.RTC_GetITStatus), (36 bytes).
    Removing stm32f10x_rtc.o(i.RTC_ITConfig), (32 bytes).
    Removing stm32f10x_rtc.o(i.RTC_SetAlarm), (28 bytes).
    Removing stm32f10x_rtc.o(i.RTC_SetCounter), (28 bytes).
    Removing stm32f10x_rtc.o(i.RTC_SetPrescaler), (32 bytes).
    Removing stm32f10x_rtc.o(i.RTC_WaitForLastTask), (20 bytes).
    Removing stm32f10x_rtc.o(i.RTC_WaitForSynchro), (36 bytes).
    Removing stm32f10x_sdio.o(i.SDIO_CEATAITCmd), (16 bytes).
    Removing stm32f10x_sdio.o(i.SDIO_ClearFlag), (12 bytes).
    Removing stm32f10x_sdio.o(i.SDIO_ClearITPendingBit), (12 bytes).
    Removing stm32f10x_sdio.o(i.SDIO_ClockCmd), (12 bytes).
    Removing stm32f10x_sdio.o(i.SDIO_CmdStructInit), (14 bytes).
    Removing stm32f10x_sdio.o(i.SDIO_CommandCompletionCmd), (12 bytes).
    Removing stm32f10x_sdio.o(i.SDIO_DMACmd), (12 bytes).
    Removing stm32f10x_sdio.o(i.SDIO_DataConfig), (48 bytes).
    Removing stm32f10x_sdio.o(i.SDIO_DataStructInit), (20 bytes).
    Removing stm32f10x_sdio.o(i.SDIO_DeInit), (36 bytes).
    Removing stm32f10x_sdio.o(i.SDIO_GetCommandResponse), (12 bytes).
    Removing stm32f10x_sdio.o(i.SDIO_GetDataCounter), (12 bytes).
    Removing stm32f10x_sdio.o(i.SDIO_GetFIFOCount), (12 bytes).
    Removing stm32f10x_sdio.o(i.SDIO_GetFlagStatus), (24 bytes).
    Removing stm32f10x_sdio.o(i.SDIO_GetITStatus), (24 bytes).
    Removing stm32f10x_sdio.o(i.SDIO_GetPowerState), (16 bytes).
    Removing stm32f10x_sdio.o(i.SDIO_GetResponse), (24 bytes).
    Removing stm32f10x_sdio.o(i.SDIO_ITConfig), (32 bytes).
    Removing stm32f10x_sdio.o(i.SDIO_Init), (48 bytes).
    Removing stm32f10x_sdio.o(i.SDIO_ReadData), (12 bytes).
    Removing stm32f10x_sdio.o(i.SDIO_SendCEATACmd), (12 bytes).
    Removing stm32f10x_sdio.o(i.SDIO_SendCommand), (44 bytes).
    Removing stm32f10x_sdio.o(i.SDIO_SendSDIOSuspendCmd), (12 bytes).
    Removing stm32f10x_sdio.o(i.SDIO_SetPowerState), (28 bytes).
    Removing stm32f10x_sdio.o(i.SDIO_SetSDIOOperation), (12 bytes).
    Removing stm32f10x_sdio.o(i.SDIO_SetSDIOReadWaitMode), (12 bytes).
    Removing stm32f10x_sdio.o(i.SDIO_StartSDIOReadWait), (12 bytes).
    Removing stm32f10x_sdio.o(i.SDIO_StopSDIOReadWait), (12 bytes).
    Removing stm32f10x_sdio.o(i.SDIO_StructInit), (16 bytes).
    Removing stm32f10x_sdio.o(i.SDIO_WriteData), (12 bytes).
    Removing stm32f10x_spi.o(i.I2S_Cmd), (24 bytes).
    Removing stm32f10x_spi.o(i.I2S_Init), (232 bytes).
    Removing stm32f10x_spi.o(i.I2S_StructInit), (20 bytes).
    Removing stm32f10x_spi.o(i.SPI_BiDirectionalLineConfig), (28 bytes).
    Removing stm32f10x_spi.o(i.SPI_CalculateCRC), (24 bytes).
    Removing stm32f10x_spi.o(i.SPI_Cmd), (24 bytes).
    Removing stm32f10x_spi.o(i.SPI_DataSizeConfig), (18 bytes).
    Removing stm32f10x_spi.o(i.SPI_GetCRC), (16 bytes).
    Removing stm32f10x_spi.o(i.SPI_GetCRCPolynomial), (6 bytes).
    Removing stm32f10x_spi.o(i.SPI_I2S_ClearFlag), (6 bytes).
    Removing stm32f10x_spi.o(i.SPI_I2S_ClearITPendingBit), (20 bytes).
    Removing stm32f10x_spi.o(i.SPI_I2S_DMACmd), (18 bytes).
    Removing stm32f10x_spi.o(i.SPI_I2S_DeInit), (88 bytes).
    Removing stm32f10x_spi.o(i.SPI_I2S_GetFlagStatus), (18 bytes).
    Removing stm32f10x_spi.o(i.SPI_I2S_GetITStatus), (52 bytes).
    Removing stm32f10x_spi.o(i.SPI_I2S_ITConfig), (32 bytes).
    Removing stm32f10x_spi.o(i.SPI_I2S_ReceiveData), (6 bytes).
    Removing stm32f10x_spi.o(i.SPI_I2S_SendData), (4 bytes).
    Removing stm32f10x_spi.o(i.SPI_Init), (60 bytes).
    Removing stm32f10x_spi.o(i.SPI_NSSInternalSoftwareConfig), (30 bytes).
    Removing stm32f10x_spi.o(i.SPI_SSOutputCmd), (24 bytes).
    Removing stm32f10x_spi.o(i.SPI_StructInit), (24 bytes).
    Removing stm32f10x_spi.o(i.SPI_TransmitCRC), (10 bytes).
    Removing stm32f10x_tim.o(i.TI1_Config), (128 bytes).
    Removing stm32f10x_tim.o(i.TI2_Config), (152 bytes).
    Removing stm32f10x_tim.o(i.TI3_Config), (144 bytes).
    Removing stm32f10x_tim.o(i.TI4_Config), (152 bytes).
    Removing stm32f10x_tim.o(i.TIM_ARRPreloadConfig), (24 bytes).
    Removing stm32f10x_tim.o(i.TIM_BDTRConfig), (32 bytes).
    Removing stm32f10x_tim.o(i.TIM_BDTRStructInit), (18 bytes).
    Removing stm32f10x_tim.o(i.TIM_CCPreloadControl), (24 bytes).
    Removing stm32f10x_tim.o(i.TIM_CCxCmd), (30 bytes).
    Removing stm32f10x_tim.o(i.TIM_CCxNCmd), (30 bytes).
    Removing stm32f10x_tim.o(i.TIM_ClearOC1Ref), (18 bytes).
    Removing stm32f10x_tim.o(i.TIM_ClearOC2Ref), (24 bytes).
    Removing stm32f10x_tim.o(i.TIM_ClearOC3Ref), (18 bytes).
    Removing stm32f10x_tim.o(i.TIM_ClearOC4Ref), (24 bytes).
    Removing stm32f10x_tim.o(i.TIM_CounterModeConfig), (18 bytes).
    Removing stm32f10x_tim.o(i.TIM_CtrlPWMOutputs), (30 bytes).
    Removing stm32f10x_tim.o(i.TIM_DMACmd), (18 bytes).
    Removing stm32f10x_tim.o(i.TIM_DMAConfig), (10 bytes).
    Removing stm32f10x_tim.o(i.TIM_ETRClockMode1Config), (54 bytes).
    Removing stm32f10x_tim.o(i.TIM_ETRClockMode2Config), (32 bytes).
    Removing stm32f10x_tim.o(i.TIM_ETRConfig), (28 bytes).
    Removing stm32f10x_tim.o(i.TIM_EncoderInterfaceConfig), (66 bytes).
    Removing stm32f10x_tim.o(i.TIM_ForcedOC1Config), (18 bytes).
    Removing stm32f10x_tim.o(i.TIM_ForcedOC2Config), (26 bytes).
    Removing stm32f10x_tim.o(i.TIM_ForcedOC3Config), (18 bytes).
    Removing stm32f10x_tim.o(i.TIM_ForcedOC4Config), (26 bytes).
    Removing stm32f10x_tim.o(i.TIM_GenerateEvent), (4 bytes).
    Removing stm32f10x_tim.o(i.TIM_GetCapture1), (6 bytes).
    Removing stm32f10x_tim.o(i.TIM_GetCapture2), (6 bytes).
    Removing stm32f10x_tim.o(i.TIM_GetCapture3), (6 bytes).
    Removing stm32f10x_tim.o(i.TIM_GetCapture4), (8 bytes).
    Removing stm32f10x_tim.o(i.TIM_GetCounter), (6 bytes).
    Removing stm32f10x_tim.o(i.TIM_GetFlagStatus), (18 bytes).
    Removing stm32f10x_tim.o(i.TIM_GetITStatus), (34 bytes).
    Removing stm32f10x_tim.o(i.TIM_GetPrescaler), (6 bytes).
    Removing stm32f10x_tim.o(i.TIM_ICInit), (172 bytes).
    Removing stm32f10x_tim.o(i.TIM_ICStructInit), (18 bytes).
    Removing stm32f10x_tim.o(i.TIM_ITRxExternalClockConfig), (24 bytes).
    Removing stm32f10x_tim.o(i.TIM_InternalClockConfig), (12 bytes).
    Removing stm32f10x_tim.o(i.TIM_OC1FastConfig), (18 bytes).
    Removing stm32f10x_tim.o(i.TIM_OC1Init), (152 bytes).
    Removing stm32f10x_tim.o(i.TIM_OC1NPolarityConfig), (18 bytes).
    Removing stm32f10x_tim.o(i.TIM_OC1PolarityConfig), (18 bytes).
    Removing stm32f10x_tim.o(i.TIM_OC1PreloadConfig), (18 bytes).
    Removing stm32f10x_tim.o(i.TIM_OC2FastConfig), (26 bytes).
    Removing stm32f10x_tim.o(i.TIM_OC2Init), (164 bytes).
    Removing stm32f10x_tim.o(i.TIM_OC2NPolarityConfig), (26 bytes).
    Removing stm32f10x_tim.o(i.TIM_OC2PolarityConfig), (26 bytes).
    Removing stm32f10x_tim.o(i.TIM_OC2PreloadConfig), (26 bytes).
    Removing stm32f10x_tim.o(i.TIM_OC3FastConfig), (18 bytes).
    Removing stm32f10x_tim.o(i.TIM_OC3Init), (160 bytes).
    Removing stm32f10x_tim.o(i.TIM_OC3NPolarityConfig), (26 bytes).
    Removing stm32f10x_tim.o(i.TIM_OC3PolarityConfig), (26 bytes).
    Removing stm32f10x_tim.o(i.TIM_OC3PreloadConfig), (18 bytes).
    Removing stm32f10x_tim.o(i.TIM_OC4FastConfig), (26 bytes).
    Removing stm32f10x_tim.o(i.TIM_OC4Init), (124 bytes).
    Removing stm32f10x_tim.o(i.TIM_OC4PolarityConfig), (26 bytes).
    Removing stm32f10x_tim.o(i.TIM_OC4PreloadConfig), (26 bytes).
    Removing stm32f10x_tim.o(i.TIM_OCStructInit), (20 bytes).
    Removing stm32f10x_tim.o(i.TIM_PWMIConfig), (124 bytes).
    Removing stm32f10x_tim.o(i.TIM_PrescalerConfig), (6 bytes).
    Removing stm32f10x_tim.o(i.TIM_SelectCCDMA), (24 bytes).
    Removing stm32f10x_tim.o(i.TIM_SelectCOM), (24 bytes).
    Removing stm32f10x_tim.o(i.TIM_SelectHallSensor), (24 bytes).
    Removing stm32f10x_tim.o(i.TIM_SelectInputTrigger), (18 bytes).
    Removing stm32f10x_tim.o(i.TIM_SelectMasterSlaveMode), (18 bytes).
    Removing stm32f10x_tim.o(i.TIM_SelectOCxM), (82 bytes).
    Removing stm32f10x_tim.o(i.TIM_SelectOnePulseMode), (18 bytes).
    Removing stm32f10x_tim.o(i.TIM_SelectOutputTrigger), (18 bytes).
    Removing stm32f10x_tim.o(i.TIM_SelectSlaveMode), (18 bytes).
    Removing stm32f10x_tim.o(i.TIM_SetAutoreload), (4 bytes).
    Removing stm32f10x_tim.o(i.TIM_SetClockDivision), (18 bytes).
    Removing stm32f10x_tim.o(i.TIM_SetCompare1), (4 bytes).
    Removing stm32f10x_tim.o(i.TIM_SetCompare2), (4 bytes).
    Removing stm32f10x_tim.o(i.TIM_SetCompare3), (4 bytes).
    Removing stm32f10x_tim.o(i.TIM_SetCompare4), (6 bytes).
    Removing stm32f10x_tim.o(i.TIM_SetCounter), (4 bytes).
    Removing stm32f10x_tim.o(i.TIM_SetIC1Prescaler), (18 bytes).
    Removing stm32f10x_tim.o(i.TIM_SetIC2Prescaler), (26 bytes).
    Removing stm32f10x_tim.o(i.TIM_SetIC3Prescaler), (18 bytes).
    Removing stm32f10x_tim.o(i.TIM_SetIC4Prescaler), (26 bytes).
    Removing stm32f10x_tim.o(i.TIM_TIxExternalClockConfig), (62 bytes).
    Removing stm32f10x_tim.o(i.TIM_TimeBaseStructInit), (18 bytes).
    Removing stm32f10x_tim.o(i.TIM_UpdateDisableConfig), (24 bytes).
    Removing stm32f10x_tim.o(i.TIM_UpdateRequestConfig), (24 bytes).
    Removing stm32f10x_usart.o(i.USART_ClearITPendingBit), (30 bytes).
    Removing stm32f10x_usart.o(i.USART_ClockInit), (34 bytes).
    Removing stm32f10x_usart.o(i.USART_ClockStructInit), (12 bytes).
    Removing stm32f10x_usart.o(i.USART_DMACmd), (18 bytes).
    Removing stm32f10x_usart.o(i.USART_DeInit), (156 bytes).
    Removing stm32f10x_usart.o(i.USART_GetITStatus), (84 bytes).
    Removing stm32f10x_usart.o(i.USART_HalfDuplexCmd), (24 bytes).
    Removing stm32f10x_usart.o(i.USART_IrDACmd), (24 bytes).
    Removing stm32f10x_usart.o(i.USART_IrDAConfig), (18 bytes).
    Removing stm32f10x_usart.o(i.USART_LINBreakDetectLengthConfig), (18 bytes).
    Removing stm32f10x_usart.o(i.USART_LINCmd), (24 bytes).
    Removing stm32f10x_usart.o(i.USART_OneBitMethodCmd), (24 bytes).
    Removing stm32f10x_usart.o(i.USART_OverSampling8Cmd), (22 bytes).
    Removing stm32f10x_usart.o(i.USART_ReceiverWakeUpCmd), (24 bytes).
    Removing stm32f10x_usart.o(i.USART_SendBreak), (10 bytes).
    Removing stm32f10x_usart.o(i.USART_SetAddress), (18 bytes).
    Removing stm32f10x_usart.o(i.USART_SetGuardTime), (16 bytes).
    Removing stm32f10x_usart.o(i.USART_SetPrescaler), (16 bytes).
    Removing stm32f10x_usart.o(i.USART_SmartCardCmd), (24 bytes).
    Removing stm32f10x_usart.o(i.USART_SmartCardNACKCmd), (24 bytes).
    Removing stm32f10x_usart.o(i.USART_StructInit), (24 bytes).
    Removing stm32f10x_usart.o(i.USART_WakeUpConfig), (18 bytes).
    Removing stm32f10x_wwdg.o(i.WWDG_ClearFlag), (12 bytes).
    Removing stm32f10x_wwdg.o(i.WWDG_DeInit), (22 bytes).
    Removing stm32f10x_wwdg.o(i.WWDG_Enable), (16 bytes).
    Removing stm32f10x_wwdg.o(i.WWDG_EnableIT), (12 bytes).
    Removing stm32f10x_wwdg.o(i.WWDG_GetFlagStatus), (12 bytes).
    Removing stm32f10x_wwdg.o(i.WWDG_SetCounter), (16 bytes).
    Removing stm32f10x_wwdg.o(i.WWDG_SetPrescaler), (24 bytes).
    Removing stm32f10x_wwdg.o(i.WWDG_SetWindowValue), (40 bytes).
    Removing core_cm3.o(.emb_text), (32 bytes).
    Removing system_stm32f10x.o(i.SystemCoreClockUpdate), (164 bytes).
    Removing system_stm32f10x.o(.data), (20 bytes).
    Removing startup_stm32f10x_hd.o(HEAP), (4096 bytes).
    Removing queue.o(i.prvCopyDataFromQueue), (42 bytes).
    Removing queue.o(i.prvCopyDataToQueue), (88 bytes).
    Removing queue.o(i.prvIsQueueEmpty), (28 bytes).
    Removing queue.o(i.prvIsQueueFull), (32 bytes).
    Removing queue.o(i.prvUnlockQueue), (110 bytes).
    Removing queue.o(i.uxQueueMessagesWaiting), (18 bytes).
    Removing queue.o(i.uxQueueMessagesWaitingFromISR), (6 bytes).
    Removing queue.o(i.vQueueDelete), (18 bytes).
    Removing queue.o(i.xQueueCreate), (108 bytes).
    Removing queue.o(i.xQueueGenericReceive), (244 bytes).
    Removing queue.o(i.xQueueGenericSend), (206 bytes).
    Removing queue.o(i.xQueueGenericSendFromISR), (86 bytes).
    Removing queue.o(i.xQueueIsQueueEmptyFromISR), (16 bytes).
    Removing queue.o(i.xQueueIsQueueFullFromISR), (20 bytes).
    Removing queue.o(i.xQueueReceiveFromISR), (84 bytes).
    Removing tasks.o(i.uxTaskGetNumberOfTasks), (12 bytes).
    Removing tasks.o(i.uxTaskPriorityGet), (36 bytes).
    Removing tasks.o(i.vTaskDelayUntil), (164 bytes).
    Removing tasks.o(i.vTaskDelete), (116 bytes).
    Removing tasks.o(i.vTaskEndScheduler), (24 bytes).
    Removing tasks.o(i.vTaskEnterCritical), (36 bytes).
    Removing tasks.o(i.vTaskExitCritical), (52 bytes).
    Removing tasks.o(i.vTaskMissedYield), (12 bytes).
    Removing tasks.o(i.vTaskPlaceOnEventList), (120 bytes).
    Removing tasks.o(i.vTaskPrioritySet), (164 bytes).
    Removing tasks.o(i.vTaskResume), (104 bytes).
    Removing tasks.o(i.vTaskSetTimeOutState), (24 bytes).
    Removing tasks.o(i.vTaskSuspend), (112 bytes).
    Removing tasks.o(i.xTaskCheckForTimeOut), (100 bytes).
    Removing tasks.o(i.xTaskGetTickCount), (24 bytes).
    Removing tasks.o(i.xTaskGetTickCountFromISR), (12 bytes).
    Removing tasks.o(i.xTaskIsTaskSuspended), (68 bytes).
    Removing tasks.o(i.xTaskRemoveFromEventList), (128 bytes).
    Removing tasks.o(i.xTaskResumeFromISR), (120 bytes).
    Removing port.o(i.vPortEndScheduler), (2 bytes).
    Removing heap_2.o(i.vPortInitialiseBlocks), (2 bytes).
    Removing heap_2.o(i.xPortGetFreeHeapSize), (12 bytes).

481 unused section(s) (total 23472 bytes) removed from the image.

==============================================================================

Image Symbol Table

    Local Symbols

    Symbol Name                              Value     Ov Type        Size  Object(Section)

    ../clib/microlib/division.c              0x00000000   Number         0  uldiv.o ABSOLUTE
    ../clib/microlib/init/entry.s            0x00000000   Number         0  entry9a.o ABSOLUTE
    ../clib/microlib/init/entry.s            0x00000000   Number         0  entry10a.o ABSOLUTE
    ../clib/microlib/init/entry.s            0x00000000   Number         0  entry9b.o ABSOLUTE
    ../clib/microlib/init/entry.s            0x00000000   Number         0  entry.o ABSOLUTE
    ../clib/microlib/init/entry.s            0x00000000   Number         0  entry11a.o ABSOLUTE
    ../clib/microlib/init/entry.s            0x00000000   Number         0  entry10b.o ABSOLUTE
    ../clib/microlib/init/entry.s            0x00000000   Number         0  entry11b.o ABSOLUTE
    ../clib/microlib/init/entry.s            0x00000000   Number         0  entry8b.o ABSOLUTE
    ../clib/microlib/init/entry.s            0x00000000   Number         0  entry8a.o ABSOLUTE
    ../clib/microlib/init/entry.s            0x00000000   Number         0  entry7b.o ABSOLUTE
    ../clib/microlib/init/entry.s            0x00000000   Number         0  entry7a.o ABSOLUTE
    ../clib/microlib/init/entry.s            0x00000000   Number         0  entry5.o ABSOLUTE
    ../clib/microlib/init/entry.s            0x00000000   Number         0  entry2.o ABSOLUTE
    ../clib/microlib/longlong.c              0x00000000   Number         0  llshl.o ABSOLUTE
    ../clib/microlib/longlong.c              0x00000000   Number         0  llushr.o ABSOLUTE
    ../clib/microlib/string/memcpy.c         0x00000000   Number         0  memcpya.o ABSOLUTE
    ../clib/microlib/string/memcpy.c         0x00000000   Number         0  memcpyb.o ABSOLUTE
    ../clib/microlib/string/memset.c         0x00000000   Number         0  memseta.o ABSOLUTE
    ../clib/microlib/string/strncpy.c        0x00000000   Number         0  strncpy.o ABSOLUTE
    ..\Libraries\CMSIS\CM3\CoreSupport\core_cm3.c 0x00000000   Number         0  core_cm3.o ABSOLUTE
    ..\Libraries\CMSIS\CM3\DeviceSupport\ST\STM32F10x\startup\arm\startup_stm32f10x_hd.s 0x00000000   Number         0  startup_stm32f10x_hd.o ABSOLUTE
    ..\Libraries\STM32F10x_StdPeriph_Driver\src\misc.c 0x00000000   Number         0  misc.o ABSOLUTE
    ..\Libraries\STM32F10x_StdPeriph_Driver\src\stm32f10x_adc.c 0x00000000   Number         0  stm32f10x_adc.o ABSOLUTE
    ..\Libraries\STM32F10x_StdPeriph_Driver\src\stm32f10x_bkp.c 0x00000000   Number         0  stm32f10x_bkp.o ABSOLUTE
    ..\Libraries\STM32F10x_StdPeriph_Driver\src\stm32f10x_can.c 0x00000000   Number         0  stm32f10x_can.o ABSOLUTE
    ..\Libraries\STM32F10x_StdPeriph_Driver\src\stm32f10x_cec.c 0x00000000   Number         0  stm32f10x_cec.o ABSOLUTE
    ..\Libraries\STM32F10x_StdPeriph_Driver\src\stm32f10x_crc.c 0x00000000   Number         0  stm32f10x_crc.o ABSOLUTE
    ..\Libraries\STM32F10x_StdPeriph_Driver\src\stm32f10x_dac.c 0x00000000   Number         0  stm32f10x_dac.o ABSOLUTE
    ..\Libraries\STM32F10x_StdPeriph_Driver\src\stm32f10x_dbgmcu.c 0x00000000   Number         0  stm32f10x_dbgmcu.o ABSOLUTE
    ..\Libraries\STM32F10x_StdPeriph_Driver\src\stm32f10x_dma.c 0x00000000   Number         0  stm32f10x_dma.o ABSOLUTE
    ..\Libraries\STM32F10x_StdPeriph_Driver\src\stm32f10x_exti.c 0x00000000   Number         0  stm32f10x_exti.o ABSOLUTE
    ..\Libraries\STM32F10x_StdPeriph_Driver\src\stm32f10x_flash.c 0x00000000   Number         0  stm32f10x_flash.o ABSOLUTE
    ..\Libraries\STM32F10x_StdPeriph_Driver\src\stm32f10x_fsmc.c 0x00000000   Number         0  stm32f10x_fsmc.o ABSOLUTE
    ..\Libraries\STM32F10x_StdPeriph_Driver\src\stm32f10x_gpio.c 0x00000000   Number         0  stm32f10x_gpio.o ABSOLUTE
    ..\Libraries\STM32F10x_StdPeriph_Driver\src\stm32f10x_i2c.c 0x00000000   Number         0  stm32f10x_i2c.o ABSOLUTE
    ..\Libraries\STM32F10x_StdPeriph_Driver\src\stm32f10x_iwdg.c 0x00000000   Number         0  stm32f10x_iwdg.o ABSOLUTE
    ..\Libraries\STM32F10x_StdPeriph_Driver\src\stm32f10x_pwr.c 0x00000000   Number         0  stm32f10x_pwr.o ABSOLUTE
    ..\Libraries\STM32F10x_StdPeriph_Driver\src\stm32f10x_rcc.c 0x00000000   Number         0  stm32f10x_rcc.o ABSOLUTE
    ..\Libraries\STM32F10x_StdPeriph_Driver\src\stm32f10x_rtc.c 0x00000000   Number         0  stm32f10x_rtc.o ABSOLUTE
    ..\Libraries\STM32F10x_StdPeriph_Driver\src\stm32f10x_sdio.c 0x00000000   Number         0  stm32f10x_sdio.o ABSOLUTE
    ..\Libraries\STM32F10x_StdPeriph_Driver\src\stm32f10x_spi.c 0x00000000   Number         0  stm32f10x_spi.o ABSOLUTE
    ..\Libraries\STM32F10x_StdPeriph_Driver\src\stm32f10x_tim.c 0x00000000   Number         0  stm32f10x_tim.o ABSOLUTE
    ..\Libraries\STM32F10x_StdPeriph_Driver\src\stm32f10x_usart.c 0x00000000   Number         0  stm32f10x_usart.o ABSOLUTE
    ..\Libraries\STM32F10x_StdPeriph_Driver\src\stm32f10x_wwdg.c 0x00000000   Number         0  stm32f10x_wwdg.o ABSOLUTE
    ..\USER\Blu.c                            0x00000000   Number         0  blu.o ABSOLUTE
    ..\USER\FreeRTOSV6.1.0\list.c            0x00000000   Number         0  list.o ABSOLUTE
    ..\USER\FreeRTOSV6.1.0\portable\MemMang\heap_2.c 0x00000000   Number         0  heap_2.o ABSOLUTE
    ..\USER\FreeRTOSV6.1.0\portable\RVDS\ARM_CM3\port.c 0x00000000   Number         0  port.o ABSOLUTE
    ..\USER\FreeRTOSV6.1.0\queue.c           0x00000000   Number         0  queue.o ABSOLUTE
    ..\USER\FreeRTOSV6.1.0\tasks.c           0x00000000   Number         0  tasks.o ABSOLUTE
    ..\USER\OBDII.c                          0x00000000   Number         0  obdii.o ABSOLUTE
    ..\USER\hexString.c                      0x00000000   Number         0  hexstring.o ABSOLUTE
    ..\USER\main.c                           0x00000000   Number         0  main.o ABSOLUTE
    ..\USER\stm32f10x_it.c                   0x00000000   Number         0  stm32f10x_it.o ABSOLUTE
    ..\USER\system_stm32f10x.c               0x00000000   Number         0  system_stm32f10x.o ABSOLUTE
    ..\\Libraries\\CMSIS\\CM3\\CoreSupport\\core_cm3.c 0x00000000   Number         0  core_cm3.o ABSOLUTE
    ..\\USER\\FreeRTOSV6.1.0\\portable\\RVDS\\ARM_CM3\\port.c 0x00000000   Number         0  port.o ABSOLUTE
    dc.s                                     0x00000000   Number         0  dc.o ABSOLUTE
    handlers.s                               0x00000000   Number         0  handlers.o ABSOLUTE
    init.s                                   0x00000000   Number         0  init.o ABSOLUTE
    RESET                                    0x08000000   Section      304  startup_stm32f10x_hd.o(RESET)
    .ARM.Collect$$$$00000000                 0x08000130   Section        0  entry.o(.ARM.Collect$$$$00000000)
    .ARM.Collect$$$$00000001                 0x08000130   Section        4  entry2.o(.ARM.Collect$$$$00000001)
    .ARM.Collect$$$$00000004                 0x08000134   Section        4  entry5.o(.ARM.Collect$$$$00000004)
    .ARM.Collect$$$$00000008                 0x08000138   Section        0  entry7b.o(.ARM.Collect$$$$00000008)
    .ARM.Collect$$$$0000000A                 0x08000138   Section        0  entry8b.o(.ARM.Collect$$$$0000000A)
    .ARM.Collect$$$$0000000B                 0x08000138   Section        8  entry9a.o(.ARM.Collect$$$$0000000B)
    .ARM.Collect$$$$0000000D                 0x08000140   Section        0  entry10a.o(.ARM.Collect$$$$0000000D)
    .ARM.Collect$$$$0000000F                 0x08000140   Section        0  entry11a.o(.ARM.Collect$$$$0000000F)
    .ARM.Collect$$$$00002712                 0x08000140   Section        4  entry2.o(.ARM.Collect$$$$00002712)
    __lit__00000000                          0x08000140   Data           4  entry2.o(.ARM.Collect$$$$00002712)
    .emb_text                                0x08000144   Section      136  port.o(.emb_text)
    .text                                    0x080001cc   Section       36  startup_stm32f10x_hd.o(.text)
    .text                                    0x080001f0   Section        0  memcpya.o(.text)
    .text                                    0x08000214   Section        0  memseta.o(.text)
    .text                                    0x08000238   Section        0  strncpy.o(.text)
    .text                                    0x08000250   Section       36  init.o(.text)
    i.BL_Recive                              0x08000274   Section        0  blu.o(i.BL_Recive)
    i.BL_Send                                0x080002d8   Section        0  blu.o(i.BL_Send)
    i.BL_Task                                0x08000310   Section        0  main.o(i.BL_Task)
    i.BL_init                                0x080004a0   Section        0  blu.o(i.BL_init)
    i.BusFault_Handler                       0x08000574   Section        0  stm32f10x_it.o(i.BusFault_Handler)
    i.CAN_CancelTransmit                     0x08000578   Section        0  stm32f10x_can.o(i.CAN_CancelTransmit)
    i.CAN_ClearFlag                          0x080005a8   Section        0  stm32f10x_can.o(i.CAN_ClearFlag)
    i.CAN_FIFORelease                        0x080005e0   Section        0  stm32f10x_can.o(i.CAN_FIFORelease)
    i.CAN_Receive                            0x080005f6   Section        0  stm32f10x_can.o(i.CAN_Receive)
    i.CAN_Transmit                           0x080006e0   Section        0  stm32f10x_can.o(i.CAN_Transmit)
    i.CAN_TransmitStatus                     0x08000806   Section        0  stm32f10x_can.o(i.CAN_TransmitStatus)
    i.DebugMon_Handler                       0x08000894   Section        0  stm32f10x_it.o(i.DebugMon_Handler)
    i.GPIO_Init                              0x08000896   Section        0  stm32f10x_gpio.o(i.GPIO_Init)
    i.GPIO_ResetBits                         0x080009ac   Section        0  stm32f10x_gpio.o(i.GPIO_ResetBits)
    i.GPIO_SetBits                           0x080009b0   Section        0  stm32f10x_gpio.o(i.GPIO_SetBits)
    i.HardFault_Handler                      0x080009b4   Section        0  stm32f10x_it.o(i.HardFault_Handler)
    i.IWDG_Enable                            0x080009b8   Section        0  stm32f10x_iwdg.o(i.IWDG_Enable)
    i.IWDG_ReloadCounter                     0x080009c8   Section        0  stm32f10x_iwdg.o(i.IWDG_ReloadCounter)
    i.IWDG_SetPrescaler                      0x080009d8   Section        0  stm32f10x_iwdg.o(i.IWDG_SetPrescaler)
    i.IWDG_SetReload                         0x080009e4   Section        0  stm32f10x_iwdg.o(i.IWDG_SetReload)
    i.IWDG_WriteAccessCmd                    0x080009f0   Section        0  stm32f10x_iwdg.o(i.IWDG_WriteAccessCmd)
    i.K_line_RCV                             0x080009fc   Section        0  obdii.o(i.K_line_RCV)
    i.K_line_fast_init                       0x08000b0c   Section        0  obdii.o(i.K_line_fast_init)
    i.K_line_send                            0x08000c4c   Section        0  obdii.o(i.K_line_send)
    i.K_line_slow_init                       0x08000d4c   Section        0  obdii.o(i.K_line_slow_init)
    i.MemManage_Handler                      0x08000f8c   Section        0  stm32f10x_it.o(i.MemManage_Handler)
    i.NMI_Handler                            0x08000f90   Section        0  stm32f10x_it.o(i.NMI_Handler)
    i.NVIC_Init                              0x08000f94   Section        0  misc.o(i.NVIC_Init)
    i.NVIC_PriorityGroupConfig               0x08001004   Section        0  misc.o(i.NVIC_PriorityGroupConfig)
    i.OBD_Send_Recive_ecu                    0x08001018   Section        0  obdii.o(i.OBD_Send_Recive_ecu)
    i.OBD_Serial_Init                        0x0800109c   Section        0  obdii.o(i.OBD_Serial_Init)
    i.OBD_Task                               0x0800116c   Section        0  main.o(i.OBD_Task)
    i.OBD_ecu_Init                           0x08001348   Section        0  obdii.o(i.OBD_ecu_Init)
    i.RCC_APB1PeriphClockCmd                 0x0800145c   Section        0  stm32f10x_rcc.o(i.RCC_APB1PeriphClockCmd)
    i.RCC_APB1PeriphResetCmd                 0x0800147c   Section        0  stm32f10x_rcc.o(i.RCC_APB1PeriphResetCmd)
    i.RCC_APB2PeriphClockCmd                 0x0800149c   Section        0  stm32f10x_rcc.o(i.RCC_APB2PeriphClockCmd)
    i.RCC_APB2PeriphResetCmd                 0x080014bc   Section        0  stm32f10x_rcc.o(i.RCC_APB2PeriphResetCmd)
    i.RCC_GetClocksFreq                      0x080014dc   Section        0  stm32f10x_rcc.o(i.RCC_GetClocksFreq)
    i.SetSysClock                            0x080015b0   Section        0  system_stm32f10x.o(i.SetSysClock)
    SetSysClock                              0x080015b1   Thumb Code     8  system_stm32f10x.o(i.SetSysClock)
    i.SetSysClockTo72                        0x080015b8   Section        0  system_stm32f10x.o(i.SetSysClockTo72)
    SetSysClockTo72                          0x080015b9   Thumb Code   214  system_stm32f10x.o(i.SetSysClockTo72)
    i.SysTick_Handler                        0x08001698   Section        0  port.o(i.SysTick_Handler)
    i.SystemInit                             0x080016cc   Section        0  system_stm32f10x.o(i.SystemInit)
    i.TIM2_IRQHandler                        0x0800172c   Section        0  stm32f10x_it.o(i.TIM2_IRQHandler)
    i.TIM_ClearFlag                          0x08001748   Section        0  stm32f10x_tim.o(i.TIM_ClearFlag)
    i.TIM_ClearITPendingBit                  0x0800174e   Section        0  stm32f10x_tim.o(i.TIM_ClearITPendingBit)
    i.TIM_Cmd                                0x08001754   Section        0  stm32f10x_tim.o(i.TIM_Cmd)
    i.TIM_DeInit                             0x0800176c   Section        0  stm32f10x_tim.o(i.TIM_DeInit)
    i.TIM_ITConfig                           0x08001954   Section        0  stm32f10x_tim.o(i.TIM_ITConfig)
    i.TIM_TimeBaseInit                       0x08001968   Section        0  stm32f10x_tim.o(i.TIM_TimeBaseInit)
    i.USART1_IRQHandler                      0x08001a0c   Section        0  stm32f10x_it.o(i.USART1_IRQHandler)
    i.USART2_IRQHandler                      0x08001a50   Section        0  stm32f10x_it.o(i.USART2_IRQHandler)
    i.USART_ClearFlag                        0x08001a88   Section        0  stm32f10x_usart.o(i.USART_ClearFlag)
    i.USART_Cmd                              0x08001a9a   Section        0  stm32f10x_usart.o(i.USART_Cmd)
    i.USART_GetFlagStatus                    0x08001ab2   Section        0  stm32f10x_usart.o(i.USART_GetFlagStatus)
    i.USART_ITConfig                         0x08001acc   Section        0  stm32f10x_usart.o(i.USART_ITConfig)
    i.USART_Init                             0x08001b18   Section        0  stm32f10x_usart.o(i.USART_Init)
    i.USART_ReceiveData                      0x08001bf0   Section        0  stm32f10x_usart.o(i.USART_ReceiveData)
    i.USART_SendData                         0x08001bfa   Section        0  stm32f10x_usart.o(i.USART_SendData)
    i.USB_LP_CAN1_RX0_IRQHandler             0x08001c04   Section        0  stm32f10x_it.o(i.USB_LP_CAN1_RX0_IRQHandler)
    i.UsageFault_Handler                     0x08001c54   Section        0  stm32f10x_it.o(i.UsageFault_Handler)
    i.__scatterload_copy                     0x08001c58   Section       14  handlers.o(i.__scatterload_copy)
    i.__scatterload_null                     0x08001c66   Section        2  handlers.o(i.__scatterload_null)
    i.__scatterload_zeroinit                 0x08001c68   Section       14  handlers.o(i.__scatterload_zeroinit)
    i.bus_off                                0x08001c78   Section        0  obdii.o(i.bus_off)
    i.bytesToHexString                       0x08001cc0   Section        0  hexstring.o(i.bytesToHexString)
    i.can_rcv                                0x08001cf8   Section        0  obdii.o(i.can_rcv)
    i.can_send                               0x08001d5c   Section        0  obdii.o(i.can_send)
    i.delay                                  0x08001df8   Section        0  main.o(i.delay)
    i.dif_count_obd                          0x08001e0c   Section        0  stm32f10x_it.o(i.dif_count_obd)
    i.dif_count_obd2                         0x08001e2c   Section        0  stm32f10x_it.o(i.dif_count_obd2)
    i.hexStringToBytes                       0x08001e4c   Section        0  hexstring.o(i.hexStringToBytes)
    i.main                                   0x08001e78   Section        0  main.o(i.main)
    i.prvAllocateTCBAndStack                 0x08001edc   Section        0  tasks.o(i.prvAllocateTCBAndStack)
    prvAllocateTCBAndStack                   0x08001edd   Thumb Code    58  tasks.o(i.prvAllocateTCBAndStack)
    i.prvCheckTasksWaitingTermination        0x08001f18   Section        0  tasks.o(i.prvCheckTasksWaitingTermination)
    prvCheckTasksWaitingTermination          0x08001f19   Thumb Code    94  tasks.o(i.prvCheckTasksWaitingTermination)
    i.prvDeleteTCB                           0x08001f84   Section        0  tasks.o(i.prvDeleteTCB)
    prvDeleteTCB                             0x08001f85   Thumb Code    18  tasks.o(i.prvDeleteTCB)
    i.prvIdleTask                            0x08001f98   Section        0  tasks.o(i.prvIdleTask)
    prvIdleTask                              0x08001f99   Thumb Code    20  tasks.o(i.prvIdleTask)
    i.prvInitialiseTCBVariables              0x08001fb0   Section        0  tasks.o(i.prvInitialiseTCBVariables)
    prvInitialiseTCBVariables                0x08001fb1   Thumb Code    72  tasks.o(i.prvInitialiseTCBVariables)
    i.prvInitialiseTaskLists                 0x08001ff8   Section        0  tasks.o(i.prvInitialiseTaskLists)
    prvInitialiseTaskLists                   0x08001ff9   Thumb Code    70  tasks.o(i.prvInitialiseTaskLists)
    i.prvSetupTimerInterrupt                 0x08002060   Section        0  port.o(i.prvSetupTimerInterrupt)
    prvSetupTimerInterrupt                   0x08002061   Thumb Code    14  port.o(i.prvSetupTimerInterrupt)
    i.pvPortMalloc                           0x08002074   Section        0  heap_2.o(i.pvPortMalloc)
    i.pxPortInitialiseStack                  0x0800214c   Section        0  port.o(i.pxPortInitialiseStack)
    i.setms_timecount                        0x08002168   Section        0  stm32f10x_it.o(i.setms_timecount)
    i.setms_timecount_HTGP                   0x08002184   Section        0  stm32f10x_it.o(i.setms_timecount_HTGP)
    i.setms_timecount_obd                    0x080021a0   Section        0  stm32f10x_it.o(i.setms_timecount_obd)
    i.setms_timecount_obd2                   0x080021bc   Section        0  stm32f10x_it.o(i.setms_timecount_obd2)
    i.vListInitialise                        0x080021d8   Section        0  list.o(i.vListInitialise)
    i.vListInitialiseItem                    0x080021f2   Section        0  list.o(i.vListInitialiseItem)
    i.vListInsert                            0x080021f8   Section        0  list.o(i.vListInsert)
    i.vListInsertEnd                         0x0800222c   Section        0  list.o(i.vListInsertEnd)
    i.vListRemove                            0x08002248   Section        0  list.o(i.vListRemove)
    i.vPortEnterCritical                     0x0800226c   Section        0  port.o(i.vPortEnterCritical)
    i.vPortExitCritical                      0x08002284   Section        0  port.o(i.vPortExitCritical)
    i.vPortFree                              0x080022a0   Section        0  heap_2.o(i.vPortFree)
    i.vPortYieldFromISR                      0x080022e0   Section        0  port.o(i.vPortYieldFromISR)
    i.vTaskDelay                             0x080022f0   Section        0  tasks.o(i.vTaskDelay)
    i.vTaskIncrementTick                     0x08002358   Section        0  tasks.o(i.vTaskIncrementTick)
    i.vTaskStartScheduler                    0x08002418   Section        0  tasks.o(i.vTaskStartScheduler)
    i.vTaskSuspendAll                        0x08002460   Section        0  tasks.o(i.vTaskSuspendAll)
    i.vTaskSwitchContext                     0x08002470   Section        0  tasks.o(i.vTaskSwitchContext)
    i.xPortStartScheduler                    0x080024e0   Section        0  port.o(i.xPortStartScheduler)
    i.xTaskGenericCreate                     0x08002514   Section        0  tasks.o(i.xTaskGenericCreate)
    i.xTaskResumeAll                         0x08002620   Section        0  tasks.o(i.xTaskResumeAll)
    .data                                    0x20000000   Section       10  main.o(.data)
    .data                                    0x20000010   Section       56  stm32f10x_it.o(.data)
    .data                                    0x20000048   Section       16  obdii.o(.data)
    ecu_fail                                 0x20000057   Data           1  obdii.o(.data)
    .data                                    0x20000058   Section        4  blu.o(.data)
    .data                                    0x2000005c   Section       20  stm32f10x_rcc.o(.data)
    APBAHBPrescTable                         0x2000005c   Data          16  stm32f10x_rcc.o(.data)
    ADCPrescTable                            0x2000006c   Data           4  stm32f10x_rcc.o(.data)
    .data                                    0x20000070   Section       56  tasks.o(.data)
    pxDelayedTaskList                        0x20000074   Data           4  tasks.o(.data)
    pxOverflowDelayedTaskList                0x20000078   Data           4  tasks.o(.data)
    uxTasksDeleted                           0x2000007c   Data           4  tasks.o(.data)
    uxCurrentNumberOfTasks                   0x20000080   Data           4  tasks.o(.data)
    xTickCount                               0x20000084   Data           4  tasks.o(.data)
    uxTopUsedPriority                        0x20000088   Data           4  tasks.o(.data)
    uxTopReadyPriority                       0x2000008c   Data           4  tasks.o(.data)
    xSchedulerRunning                        0x20000090   Data           4  tasks.o(.data)
    uxSchedulerSuspended                     0x20000094   Data           4  tasks.o(.data)
    uxMissedTicks                            0x20000098   Data           4  tasks.o(.data)
    xMissedYield                             0x2000009c   Data           4  tasks.o(.data)
    xNumOfOverflows                          0x200000a0   Data           4  tasks.o(.data)
    uxTaskNumber                             0x200000a4   Data           4  tasks.o(.data)
    .data                                    0x200000a8   Section        4  port.o(.data)
    uxCriticalNesting                        0x200000a8   Data           4  port.o(.data)
    .data                                    0x200000ac   Section       24  heap_2.o(.data)
    xStart                                   0x200000ac   Data           8  heap_2.o(.data)
    xEnd                                     0x200000b4   Data           8  heap_2.o(.data)
    xFreeBytesRemaining                      0x200000bc   Data           4  heap_2.o(.data)
    xHeapHasBeenInitialised                  0x200000c0   Data           4  heap_2.o(.data)
    .bss                                     0x200000c4   Section      530  main.o(.bss)
    .bss                                     0x200002d6   Section      250  obdii.o(.bss)
    .bss                                     0x200003d0   Section      200  blu.o(.bss)
    .bss                                     0x20000498   Section      200  tasks.o(.bss)
    pxReadyTasksLists                        0x20000498   Data         100  tasks.o(.bss)
    xDelayedTaskList1                        0x200004fc   Data          20  tasks.o(.bss)
    xDelayedTaskList2                        0x20000510   Data          20  tasks.o(.bss)
    xPendingReadyList                        0x20000524   Data          20  tasks.o(.bss)
    xTasksWaitingTermination                 0x20000538   Data          20  tasks.o(.bss)
    xSuspendedTaskList                       0x2000054c   Data          20  tasks.o(.bss)
    .bss                                     0x20000560   Section    40960  heap_2.o(.bss)
    xHeap                                    0x20000560   Data       40960  heap_2.o(.bss)
    STACK                                    0x2000a560   Section    16384  startup_stm32f10x_hd.o(STACK)

    Global Symbols

    Symbol Name                              Value     Ov Type        Size  Object(Section)

    BuildAttributes$$THM_ISAv4$P$D$K$B$S$PE$A:L22UL41UL21$X:L11$S22US41US21$IEEE1$IW$USESV6$~STKCKD$USESV7$~SHL$OSPACE$EBA8$MICROLIB$REQ8$PRES8$EABIv2 0x00000000   Number         0  anon$$obj.o ABSOLUTE
    __ARM_use_no_argv                        0x00000000   Number         0  main.o ABSOLUTE
    __cpp_initialize__aeabi_                  - Undefined Weak Reference
    __cxa_finalize                            - Undefined Weak Reference
    __decompress                              - Undefined Weak Reference
    _clock_init                               - Undefined Weak Reference
    _microlib_exit                            - Undefined Weak Reference
    __Vectors_Size                           0x00000130   Number         0  startup_stm32f10x_hd.o ABSOLUTE
    __Vectors                                0x08000000   Data           4  startup_stm32f10x_hd.o(RESET)
    __Vectors_End                            0x08000130   Data           0  startup_stm32f10x_hd.o(RESET)
    __main                                   0x08000131   Thumb Code     0  entry.o(.ARM.Collect$$$$00000000)
    _main_stk                                0x08000131   Thumb Code     0  entry2.o(.ARM.Collect$$$$00000001)
    _main_scatterload                        0x08000135   Thumb Code     0  entry5.o(.ARM.Collect$$$$00000004)
    __main_after_scatterload                 0x08000139   Thumb Code     0  entry5.o(.ARM.Collect$$$$00000004)
    _main_clock                              0x08000139   Thumb Code     0  entry7b.o(.ARM.Collect$$$$00000008)
    _main_cpp_init                           0x08000139   Thumb Code     0  entry8b.o(.ARM.Collect$$$$0000000A)
    _main_init                               0x08000139   Thumb Code     0  entry9a.o(.ARM.Collect$$$$0000000B)
    __rt_final_cpp                           0x08000141   Thumb Code     0  entry10a.o(.ARM.Collect$$$$0000000D)
    __rt_final_exit                          0x08000141   Thumb Code     0  entry11a.o(.ARM.Collect$$$$0000000F)
    SVC_Handler                              0x08000145   Thumb Code    28  port.o(.emb_text)
    vPortStartFirstTask                      0x08000165   Thumb Code    12  port.o(.emb_text)
    PendSV_Handler                           0x08000175   Thumb Code    56  port.o(.emb_text)
    vPortSetInterruptMask                    0x080001b1   Thumb Code    14  port.o(.emb_text)
    vPortClearInterruptMask                  0x080001bf   Thumb Code    14  port.o(.emb_text)
    Reset_Handler                            0x080001cd   Thumb Code     8  startup_stm32f10x_hd.o(.text)
    ADC1_2_IRQHandler                        0x080001e7   Thumb Code     0  startup_stm32f10x_hd.o(.text)
    ADC3_IRQHandler                          0x080001e7   Thumb Code     0  startup_stm32f10x_hd.o(.text)
    CAN1_RX1_IRQHandler                      0x080001e7   Thumb Code     0  startup_stm32f10x_hd.o(.text)
    CAN1_SCE_IRQHandler                      0x080001e7   Thumb Code     0  startup_stm32f10x_hd.o(.text)
    DMA1_Channel1_IRQHandler                 0x080001e7   Thumb Code     0  startup_stm32f10x_hd.o(.text)
    DMA1_Channel2_IRQHandler                 0x080001e7   Thumb Code     0  startup_stm32f10x_hd.o(.text)
    DMA1_Channel3_IRQHandler                 0x080001e7   Thumb Code     0  startup_stm32f10x_hd.o(.text)
    DMA1_Channel4_IRQHandler                 0x080001e7   Thumb Code     0  startup_stm32f10x_hd.o(.text)
    DMA1_Channel5_IRQHandler                 0x080001e7   Thumb Code     0  startup_stm32f10x_hd.o(.text)
    DMA1_Channel6_IRQHandler                 0x080001e7   Thumb Code     0  startup_stm32f10x_hd.o(.text)
    DMA1_Channel7_IRQHandler                 0x080001e7   Thumb Code     0  startup_stm32f10x_hd.o(.text)
    DMA2_Channel1_IRQHandler                 0x080001e7   Thumb Code     0  startup_stm32f10x_hd.o(.text)
    DMA2_Channel2_IRQHandler                 0x080001e7   Thumb Code     0  startup_stm32f10x_hd.o(.text)
    DMA2_Channel3_IRQHandler                 0x080001e7   Thumb Code     0  startup_stm32f10x_hd.o(.text)
    DMA2_Channel4_5_IRQHandler               0x080001e7   Thumb Code     0  startup_stm32f10x_hd.o(.text)
    EXTI0_IRQHandler                         0x080001e7   Thumb Code     0  startup_stm32f10x_hd.o(.text)
    EXTI15_10_IRQHandler                     0x080001e7   Thumb Code     0  startup_stm32f10x_hd.o(.text)
    EXTI1_IRQHandler                         0x080001e7   Thumb Code     0  startup_stm32f10x_hd.o(.text)
    EXTI2_IRQHandler                         0x080001e7   Thumb Code     0  startup_stm32f10x_hd.o(.text)
    EXTI3_IRQHandler                         0x080001e7   Thumb Code     0  startup_stm32f10x_hd.o(.text)
    EXTI4_IRQHandler                         0x080001e7   Thumb Code     0  startup_stm32f10x_hd.o(.text)
    EXTI9_5_IRQHandler                       0x080001e7   Thumb Code     0  startup_stm32f10x_hd.o(.text)
    FLASH_IRQHandler                         0x080001e7   Thumb Code     0  startup_stm32f10x_hd.o(.text)
    FSMC_IRQHandler                          0x080001e7   Thumb Code     0  startup_stm32f10x_hd.o(.text)
    I2C1_ER_IRQHandler                       0x080001e7   Thumb Code     0  startup_stm32f10x_hd.o(.text)
    I2C1_EV_IRQHandler                       0x080001e7   Thumb Code     0  startup_stm32f10x_hd.o(.text)
    I2C2_ER_IRQHandler                       0x080001e7   Thumb Code     0  startup_stm32f10x_hd.o(.text)
    I2C2_EV_IRQHandler                       0x080001e7   Thumb Code     0  startup_stm32f10x_hd.o(.text)
    PVD_IRQHandler                           0x080001e7   Thumb Code     0  startup_stm32f10x_hd.o(.text)
    RCC_IRQHandler                           0x080001e7   Thumb Code     0  startup_stm32f10x_hd.o(.text)
    RTCAlarm_IRQHandler                      0x080001e7   Thumb Code     0  startup_stm32f10x_hd.o(.text)
    RTC_IRQHandler                           0x080001e7   Thumb Code     0  startup_stm32f10x_hd.o(.text)
    SDIO_IRQHandler                          0x080001e7   Thumb Code     0  startup_stm32f10x_hd.o(.text)
    SPI1_IRQHandler                          0x080001e7   Thumb Code     0  startup_stm32f10x_hd.o(.text)
    SPI2_IRQHandler                          0x080001e7   Thumb Code     0  startup_stm32f10x_hd.o(.text)
    SPI3_IRQHandler                          0x080001e7   Thumb Code     0  startup_stm32f10x_hd.o(.text)
    TAMPER_IRQHandler                        0x080001e7   Thumb Code     0  startup_stm32f10x_hd.o(.text)
    TIM1_BRK_IRQHandler                      0x080001e7   Thumb Code     0  startup_stm32f10x_hd.o(.text)
    TIM1_CC_IRQHandler                       0x080001e7   Thumb Code     0  startup_stm32f10x_hd.o(.text)
    TIM1_TRG_COM_IRQHandler                  0x080001e7   Thumb Code     0  startup_stm32f10x_hd.o(.text)
    TIM1_UP_IRQHandler                       0x080001e7   Thumb Code     0  startup_stm32f10x_hd.o(.text)
    TIM3_IRQHandler                          0x080001e7   Thumb Code     0  startup_stm32f10x_hd.o(.text)
    TIM4_IRQHandler                          0x080001e7   Thumb Code     0  startup_stm32f10x_hd.o(.text)
    TIM5_IRQHandler                          0x080001e7   Thumb Code     0  startup_stm32f10x_hd.o(.text)
    TIM6_IRQHandler                          0x080001e7   Thumb Code     0  startup_stm32f10x_hd.o(.text)
    TIM7_IRQHandler                          0x080001e7   Thumb Code     0  startup_stm32f10x_hd.o(.text)
    TIM8_BRK_IRQHandler                      0x080001e7   Thumb Code     0  startup_stm32f10x_hd.o(.text)
    TIM8_CC_IRQHandler                       0x080001e7   Thumb Code     0  startup_stm32f10x_hd.o(.text)
    TIM8_TRG_COM_IRQHandler                  0x080001e7   Thumb Code     0  startup_stm32f10x_hd.o(.text)
    TIM8_UP_IRQHandler                       0x080001e7   Thumb Code     0  startup_stm32f10x_hd.o(.text)
    UART4_IRQHandler                         0x080001e7   Thumb Code     0  startup_stm32f10x_hd.o(.text)
    UART5_IRQHandler                         0x080001e7   Thumb Code     0  startup_stm32f10x_hd.o(.text)
    USART3_IRQHandler                        0x080001e7   Thumb Code     0  startup_stm32f10x_hd.o(.text)
    USBWakeUp_IRQHandler                     0x080001e7   Thumb Code     0  startup_stm32f10x_hd.o(.text)
    USB_HP_CAN1_TX_IRQHandler                0x080001e7   Thumb Code     0  startup_stm32f10x_hd.o(.text)
    WWDG_IRQHandler                          0x080001e7   Thumb Code     0  startup_stm32f10x_hd.o(.text)
    __aeabi_memcpy                           0x080001f1   Thumb Code    36  memcpya.o(.text)
    __aeabi_memcpy4                          0x080001f1   Thumb Code     0  memcpya.o(.text)
    __aeabi_memcpy8                          0x080001f1   Thumb Code     0  memcpya.o(.text)
    __aeabi_memset                           0x08000215   Thumb Code    14  memseta.o(.text)
    __aeabi_memset4                          0x08000215   Thumb Code     0  memseta.o(.text)
    __aeabi_memset8                          0x08000215   Thumb Code     0  memseta.o(.text)
    __aeabi_memclr                           0x08000223   Thumb Code     4  memseta.o(.text)
    __aeabi_memclr4                          0x08000223   Thumb Code     0  memseta.o(.text)
    __aeabi_memclr8                          0x08000223   Thumb Code     0  memseta.o(.text)
    _memset$wrapper                          0x08000227   Thumb Code    18  memseta.o(.text)
    strncpy                                  0x08000239   Thumb Code    24  strncpy.o(.text)
    __scatterload                            0x08000251   Thumb Code    28  init.o(.text)
    __scatterload_rt2                        0x08000251   Thumb Code     0  init.o(.text)
    BL_Recive                                0x08000275   Thumb Code    92  blu.o(i.BL_Recive)
    BL_Send                                  0x080002d9   Thumb Code    50  blu.o(i.BL_Send)
    BL_Task                                  0x08000311   Thumb Code   348  main.o(i.BL_Task)
    BL_init                                  0x080004a1   Thumb Code   202  blu.o(i.BL_init)
    BusFault_Handler                         0x08000575   Thumb Code     4  stm32f10x_it.o(i.BusFault_Handler)
    CAN_CancelTransmit                       0x08000579   Thumb Code    48  stm32f10x_can.o(i.CAN_CancelTransmit)
    CAN_ClearFlag                            0x080005a9   Thumb Code    52  stm32f10x_can.o(i.CAN_ClearFlag)
    CAN_FIFORelease                          0x080005e1   Thumb Code    22  stm32f10x_can.o(i.CAN_FIFORelease)
    CAN_Receive                              0x080005f7   Thumb Code   234  stm32f10x_can.o(i.CAN_Receive)
    CAN_Transmit                             0x080006e1   Thumb Code   294  stm32f10x_can.o(i.CAN_Transmit)
    CAN_TransmitStatus                       0x08000807   Thumb Code   142  stm32f10x_can.o(i.CAN_TransmitStatus)
    DebugMon_Handler                         0x08000895   Thumb Code     2  stm32f10x_it.o(i.DebugMon_Handler)
    GPIO_Init                                0x08000897   Thumb Code   278  stm32f10x_gpio.o(i.GPIO_Init)
    GPIO_ResetBits                           0x080009ad   Thumb Code     4  stm32f10x_gpio.o(i.GPIO_ResetBits)
    GPIO_SetBits                             0x080009b1   Thumb Code     4  stm32f10x_gpio.o(i.GPIO_SetBits)
    HardFault_Handler                        0x080009b5   Thumb Code     4  stm32f10x_it.o(i.HardFault_Handler)
    IWDG_Enable                              0x080009b9   Thumb Code    10  stm32f10x_iwdg.o(i.IWDG_Enable)
    IWDG_ReloadCounter                       0x080009c9   Thumb Code    10  stm32f10x_iwdg.o(i.IWDG_ReloadCounter)
    IWDG_SetPrescaler                        0x080009d9   Thumb Code     6  stm32f10x_iwdg.o(i.IWDG_SetPrescaler)
    IWDG_SetReload                           0x080009e5   Thumb Code     6  stm32f10x_iwdg.o(i.IWDG_SetReload)
    IWDG_WriteAccessCmd                      0x080009f1   Thumb Code     6  stm32f10x_iwdg.o(i.IWDG_WriteAccessCmd)
    K_line_RCV                               0x080009fd   Thumb Code   262  obdii.o(i.K_line_RCV)
    K_line_fast_init                         0x08000b0d   Thumb Code   308  obdii.o(i.K_line_fast_init)
    K_line_send                              0x08000c4d   Thumb Code   238  obdii.o(i.K_line_send)
    K_line_slow_init                         0x08000d4d   Thumb Code   552  obdii.o(i.K_line_slow_init)
    MemManage_Handler                        0x08000f8d   Thumb Code     4  stm32f10x_it.o(i.MemManage_Handler)
    NMI_Handler                              0x08000f91   Thumb Code     2  stm32f10x_it.o(i.NMI_Handler)
    NVIC_Init                                0x08000f95   Thumb Code   100  misc.o(i.NVIC_Init)
    NVIC_PriorityGroupConfig                 0x08001005   Thumb Code    10  misc.o(i.NVIC_PriorityGroupConfig)
    OBD_Send_Recive_ecu                      0x08001019   Thumb Code   120  obdii.o(i.OBD_Send_Recive_ecu)
    OBD_Serial_Init                          0x0800109d   Thumb Code   200  obdii.o(i.OBD_Serial_Init)
    OBD_Task                                 0x0800116d   Thumb Code   420  main.o(i.OBD_Task)
    OBD_ecu_Init                             0x08001349   Thumb Code   248  obdii.o(i.OBD_ecu_Init)
    RCC_APB1PeriphClockCmd                   0x0800145d   Thumb Code    26  stm32f10x_rcc.o(i.RCC_APB1PeriphClockCmd)
    RCC_APB1PeriphResetCmd                   0x0800147d   Thumb Code    26  stm32f10x_rcc.o(i.RCC_APB1PeriphResetCmd)
    RCC_APB2PeriphClockCmd                   0x0800149d   Thumb Code    26  stm32f10x_rcc.o(i.RCC_APB2PeriphClockCmd)
    RCC_APB2PeriphResetCmd                   0x080014bd   Thumb Code    26  stm32f10x_rcc.o(i.RCC_APB2PeriphResetCmd)
    RCC_GetClocksFreq                        0x080014dd   Thumb Code   192  stm32f10x_rcc.o(i.RCC_GetClocksFreq)
    SysTick_Handler                          0x08001699   Thumb Code    44  port.o(i.SysTick_Handler)
    SystemInit                               0x080016cd   Thumb Code    78  system_stm32f10x.o(i.SystemInit)
    TIM2_IRQHandler                          0x0800172d   Thumb Code    22  stm32f10x_it.o(i.TIM2_IRQHandler)
    TIM_ClearFlag                            0x08001749   Thumb Code     6  stm32f10x_tim.o(i.TIM_ClearFlag)
    TIM_ClearITPendingBit                    0x0800174f   Thumb Code     6  stm32f10x_tim.o(i.TIM_ClearITPendingBit)
    TIM_Cmd                                  0x08001755   Thumb Code    24  stm32f10x_tim.o(i.TIM_Cmd)
    TIM_DeInit                               0x0800176d   Thumb Code   424  stm32f10x_tim.o(i.TIM_DeInit)
    TIM_ITConfig                             0x08001955   Thumb Code    18  stm32f10x_tim.o(i.TIM_ITConfig)
    TIM_TimeBaseInit                         0x08001969   Thumb Code   122  stm32f10x_tim.o(i.TIM_TimeBaseInit)
    USART1_IRQHandler                        0x08001a0d   Thumb Code    50  stm32f10x_it.o(i.USART1_IRQHandler)
    USART2_IRQHandler                        0x08001a51   Thumb Code    42  stm32f10x_it.o(i.USART2_IRQHandler)
    USART_ClearFlag                          0x08001a89   Thumb Code    18  stm32f10x_usart.o(i.USART_ClearFlag)
    USART_Cmd                                0x08001a9b   Thumb Code    24  stm32f10x_usart.o(i.USART_Cmd)
    USART_GetFlagStatus                      0x08001ab3   Thumb Code    26  stm32f10x_usart.o(i.USART_GetFlagStatus)
    USART_ITConfig                           0x08001acd   Thumb Code    74  stm32f10x_usart.o(i.USART_ITConfig)
    USART_Init                               0x08001b19   Thumb Code   210  stm32f10x_usart.o(i.USART_Init)
    USART_ReceiveData                        0x08001bf1   Thumb Code    10  stm32f10x_usart.o(i.USART_ReceiveData)
    USART_SendData                           0x08001bfb   Thumb Code     8  stm32f10x_usart.o(i.USART_SendData)
    USB_LP_CAN1_RX0_IRQHandler               0x08001c05   Thumb Code    68  stm32f10x_it.o(i.USB_LP_CAN1_RX0_IRQHandler)
    UsageFault_Handler                       0x08001c55   Thumb Code     4  stm32f10x_it.o(i.UsageFault_Handler)
    __scatterload_copy                       0x08001c59   Thumb Code    14  handlers.o(i.__scatterload_copy)
    __scatterload_null                       0x08001c67   Thumb Code     2  handlers.o(i.__scatterload_null)
    __scatterload_zeroinit                   0x08001c69   Thumb Code    14  handlers.o(i.__scatterload_zeroinit)
    bus_off                                  0x08001c79   Thumb Code    62  obdii.o(i.bus_off)
    bytesToHexString                         0x08001cc1   Thumb Code    54  hexstring.o(i.bytesToHexString)
    can_rcv                                  0x08001cf9   Thumb Code    90  obdii.o(i.can_rcv)
    can_send                                 0x08001d5d   Thumb Code   148  obdii.o(i.can_send)
    delay                                    0x08001df9   Thumb Code    14  main.o(i.delay)
    dif_count_obd                            0x08001e0d   Thumb Code    24  stm32f10x_it.o(i.dif_count_obd)
    dif_count_obd2                           0x08001e2d   Thumb Code    24  stm32f10x_it.o(i.dif_count_obd2)
    hexStringToBytes                         0x08001e4d   Thumb Code    42  hexstring.o(i.hexStringToBytes)
    main                                     0x08001e79   Thumb Code    92  main.o(i.main)
    pvPortMalloc                             0x08002075   Thumb Code   194  heap_2.o(i.pvPortMalloc)
    pxPortInitialiseStack                    0x0800214d   Thumb Code    26  port.o(i.pxPortInitialiseStack)
    setms_timecount                          0x08002169   Thumb Code    20  stm32f10x_it.o(i.setms_timecount)
    setms_timecount_HTGP                     0x08002185   Thumb Code    20  stm32f10x_it.o(i.setms_timecount_HTGP)
    setms_timecount_obd                      0x080021a1   Thumb Code    20  stm32f10x_it.o(i.setms_timecount_obd)
    setms_timecount_obd2                     0x080021bd   Thumb Code    20  stm32f10x_it.o(i.setms_timecount_obd2)
    vListInitialise                          0x080021d9   Thumb Code    26  list.o(i.vListInitialise)
    vListInitialiseItem                      0x080021f3   Thumb Code     6  list.o(i.vListInitialiseItem)
    vListInsert                              0x080021f9   Thumb Code    52  list.o(i.vListInsert)
    vListInsertEnd                           0x0800222d   Thumb Code    28  list.o(i.vListInsertEnd)
    vListRemove                              0x08002249   Thumb Code    36  list.o(i.vListRemove)
    vPortEnterCritical                       0x0800226d   Thumb Code    18  port.o(i.vPortEnterCritical)
    vPortExitCritical                        0x08002285   Thumb Code    24  port.o(i.vPortExitCritical)
    vPortFree                                0x080022a1   Thumb Code    56  heap_2.o(i.vPortFree)
    vPortYieldFromISR                        0x080022e1   Thumb Code    10  port.o(i.vPortYieldFromISR)
    vTaskDelay                               0x080022f1   Thumb Code    86  tasks.o(i.vTaskDelay)
    vTaskIncrementTick                       0x08002359   Thumb Code   160  tasks.o(i.vTaskIncrementTick)
    vTaskStartScheduler                      0x08002419   Thumb Code    52  tasks.o(i.vTaskStartScheduler)
    vTaskSuspendAll                          0x08002461   Thumb Code    12  tasks.o(i.vTaskSuspendAll)
    vTaskSwitchContext                       0x08002471   Thumb Code    92  tasks.o(i.vTaskSwitchContext)
    xPortStartScheduler                      0x080024e1   Thumb Code    42  port.o(i.xPortStartScheduler)
    xTaskGenericCreate                       0x08002515   Thumb Code   240  tasks.o(i.xTaskGenericCreate)
    xTaskResumeAll                           0x08002621   Thumb Code   186  tasks.o(i.xTaskResumeAll)
    Region$$Table$$Base                      0x080026fc   Number         0  anon$$obj.o(Region$$Table)
    Region$$Table$$Limit                     0x0800271c   Number         0  anon$$obj.o(Region$$Table)
    send_cmd_obd                             0x20000000   Data           1  main.o(.data)
    init_obd_port                            0x20000001   Data           1  main.o(.data)
    msg_size                                 0x20000004   Data           4  main.o(.data)
    size_obd                                 0x20000008   Data           1  main.o(.data)
    obd_send_flag                            0x20000009   Data           1  main.o(.data)
    program_s                                0x20000010   Data           1  stm32f10x_it.o(.data)
    count                                    0x20000018   Data           8  stm32f10x_it.o(.data)
    difs_count                               0x20000020   Data           8  stm32f10x_it.o(.data)
    difs_count1                              0x20000028   Data           8  stm32f10x_it.o(.data)
    difs_count_obd                           0x20000030   Data           8  stm32f10x_it.o(.data)
    difs_count_obd2                          0x20000038   Data           8  stm32f10x_it.o(.data)
    difs_count_HTGP                          0x20000040   Data           8  stm32f10x_it.o(.data)
    c_dt                                     0x20000048   Data           8  obdii.o(.data)
    c_rcv_flag                               0x20000050   Data           1  obdii.o(.data)
    flasg_t                                  0x20000051   Data           1  obdii.o(.data)
    init_obd                                 0x20000052   Data           2  obdii.o(.data)
    obd_turn_on                              0x20000054   Data           1  obdii.o(.data)
    obd_count                                0x20000055   Data           1  obdii.o(.data)
    OBD_RCV_T                                0x20000056   Data           1  obdii.o(.data)
    deviceId                                 0x20000058   Data           1  blu.o(.data)
    AT_count                                 0x2000005a   Data           2  blu.o(.data)
    pxCurrentTCB                             0x20000070   Data           4  tasks.o(.data)
    k_cmd4                                   0x200000c4   Data          30  main.o(.bss)
    msg_log                                  0x200000e2   Data         500  main.o(.bss)
    obd_data                                 0x200002d6   Data         250  obdii.o(.bss)
    AT_buf                                   0x200003d0   Data         200  blu.o(.bss)
    __initial_sp                             0x2000e560   Data           0  startup_stm32f10x_hd.o(STACK)



==============================================================================

Memory Map of the image

  Image Entry point : 0x08000131

  Load Region LR_IROM1 (Base: 0x08000000, Size: 0x000027e0, Max: 0x00080000, ABSOLUTE)

    Execution Region ER_IROM1 (Exec base: 0x08000000, Load base: 0x08000000, Size: 0x0000271c, Max: 0x00080000, ABSOLUTE)

    Exec Addr    Load Addr    Size         Type   Attr      Idx    E Section Name        Object

    0x08000000   0x08000000   0x00000130   Data   RO         3440    RESET               startup_stm32f10x_hd.o
    0x08000130   0x08000130   0x00000000   Code   RO         3876  * .ARM.Collect$$$$00000000  mc_w.l(entry.o)
    0x08000130   0x08000130   0x00000004   Code   RO         3889    .ARM.Collect$$$$00000001  mc_w.l(entry2.o)
    0x08000134   0x08000134   0x00000004   Code   RO         3892    .ARM.Collect$$$$00000004  mc_w.l(entry5.o)
    0x08000138   0x08000138   0x00000000   Code   RO         3894    .ARM.Collect$$$$00000008  mc_w.l(entry7b.o)
    0x08000138   0x08000138   0x00000000   Code   RO         3896    .ARM.Collect$$$$0000000A  mc_w.l(entry8b.o)
    0x08000138   0x08000138   0x00000008   Code   RO         3897    .ARM.Collect$$$$0000000B  mc_w.l(entry9a.o)
    0x08000140   0x08000140   0x00000000   Code   RO         3899    .ARM.Collect$$$$0000000D  mc_w.l(entry10a.o)
    0x08000140   0x08000140   0x00000000   Code   RO         3901    .ARM.Collect$$$$0000000F  mc_w.l(entry11a.o)
    0x08000140   0x08000140   0x00000004   Code   RO         3890    .ARM.Collect$$$$00002712  mc_w.l(entry2.o)
    0x08000144   0x08000144   0x00000088   Code   RO         3780    .emb_text           port.o
    0x080001cc   0x080001cc   0x00000024   Code   RO         3441    .text               startup_stm32f10x_hd.o
    0x080001f0   0x080001f0   0x00000024   Code   RO         3881    .text               mc_w.l(memcpya.o)
    0x08000214   0x08000214   0x00000024   Code   RO         3883    .text               mc_w.l(memseta.o)
    0x08000238   0x08000238   0x00000018   Code   RO         3885    .text               mc_w.l(strncpy.o)
    0x08000250   0x08000250   0x00000024   Code   RO         3907    .text               mc_w.l(init.o)
    0x08000274   0x08000274   0x00000064   Code   RO          389    i.BL_Recive         blu.o
    0x080002d8   0x080002d8   0x00000038   Code   RO          390    i.BL_Send           blu.o
    0x08000310   0x08000310   0x00000190   Code   RO            1    i.BL_Task           main.o
    0x080004a0   0x080004a0   0x000000d4   Code   RO          391    i.BL_init           blu.o
    0x08000574   0x08000574   0x00000004   Code   RO          138    i.BusFault_Handler  stm32f10x_it.o
    0x08000578   0x08000578   0x00000030   Code   RO         1253    i.CAN_CancelTransmit  stm32f10x_can.o
    0x080005a8   0x080005a8   0x00000038   Code   RO         1254    i.CAN_ClearFlag     stm32f10x_can.o
    0x080005e0   0x080005e0   0x00000016   Code   RO         1258    i.CAN_FIFORelease   stm32f10x_can.o
    0x080005f6   0x080005f6   0x000000ea   Code   RO         1265    i.CAN_Receive       stm32f10x_can.o
    0x080006e0   0x080006e0   0x00000126   Code   RO         1269    i.CAN_Transmit      stm32f10x_can.o
    0x08000806   0x08000806   0x0000008e   Code   RO         1270    i.CAN_TransmitStatus  stm32f10x_can.o
    0x08000894   0x08000894   0x00000002   Code   RO          139    i.DebugMon_Handler  stm32f10x_it.o
    0x08000896   0x08000896   0x00000116   Code   RO          639    i.GPIO_Init         stm32f10x_gpio.o
    0x080009ac   0x080009ac   0x00000004   Code   RO          646    i.GPIO_ResetBits    stm32f10x_gpio.o
    0x080009b0   0x080009b0   0x00000004   Code   RO          647    i.GPIO_SetBits      stm32f10x_gpio.o
    0x080009b4   0x080009b4   0x00000004   Code   RO          143    i.HardFault_Handler  stm32f10x_it.o
    0x080009b8   0x080009b8   0x00000010   Code   RO         2077    i.IWDG_Enable       stm32f10x_iwdg.o
    0x080009c8   0x080009c8   0x00000010   Code   RO         2079    i.IWDG_ReloadCounter  stm32f10x_iwdg.o
    0x080009d8   0x080009d8   0x0000000c   Code   RO         2080    i.IWDG_SetPrescaler  stm32f10x_iwdg.o
    0x080009e4   0x080009e4   0x0000000c   Code   RO         2081    i.IWDG_SetReload    stm32f10x_iwdg.o
    0x080009f0   0x080009f0   0x0000000c   Code   RO         2082    i.IWDG_WriteAccessCmd  stm32f10x_iwdg.o
    0x080009fc   0x080009fc   0x00000110   Code   RO          286    i.K_line_RCV        obdii.o
    0x08000b0c   0x08000b0c   0x00000140   Code   RO          287    i.K_line_fast_init  obdii.o
    0x08000c4c   0x08000c4c   0x00000100   Code   RO          288    i.K_line_send       obdii.o
    0x08000d4c   0x08000d4c   0x00000240   Code   RO          289    i.K_line_slow_init  obdii.o
    0x08000f8c   0x08000f8c   0x00000004   Code   RO          144    i.MemManage_Handler  stm32f10x_it.o
    0x08000f90   0x08000f90   0x00000002   Code   RO          145    i.NMI_Handler       stm32f10x_it.o
    0x08000f92   0x08000f92   0x00000002   PAD
    0x08000f94   0x08000f94   0x00000070   Code   RO          423    i.NVIC_Init         misc.o
    0x08001004   0x08001004   0x00000014   Code   RO          424    i.NVIC_PriorityGroupConfig  misc.o
    0x08001018   0x08001018   0x00000084   Code   RO          290    i.OBD_Send_Recive_ecu  obdii.o
    0x0800109c   0x0800109c   0x000000d0   Code   RO          291    i.OBD_Serial_Init   obdii.o
    0x0800116c   0x0800116c   0x000001dc   Code   RO            2    i.OBD_Task          main.o
    0x08001348   0x08001348   0x00000114   Code   RO          292    i.OBD_ecu_Init      obdii.o
    0x0800145c   0x0800145c   0x00000020   Code   RO          749    i.RCC_APB1PeriphClockCmd  stm32f10x_rcc.o
    0x0800147c   0x0800147c   0x00000020   Code   RO          750    i.RCC_APB1PeriphResetCmd  stm32f10x_rcc.o
    0x0800149c   0x0800149c   0x00000020   Code   RO          751    i.RCC_APB2PeriphClockCmd  stm32f10x_rcc.o
    0x080014bc   0x080014bc   0x00000020   Code   RO          752    i.RCC_APB2PeriphResetCmd  stm32f10x_rcc.o
    0x080014dc   0x080014dc   0x000000d4   Code   RO          759    i.RCC_GetClocksFreq  stm32f10x_rcc.o
    0x080015b0   0x080015b0   0x00000008   Code   RO         3404    i.SetSysClock       system_stm32f10x.o
    0x080015b8   0x080015b8   0x000000e0   Code   RO         3405    i.SetSysClockTo72   system_stm32f10x.o
    0x08001698   0x08001698   0x00000034   Code   RO         3781    i.SysTick_Handler   port.o
    0x080016cc   0x080016cc   0x00000060   Code   RO         3407    i.SystemInit        system_stm32f10x.o
    0x0800172c   0x0800172c   0x0000001c   Code   RO          146    i.TIM2_IRQHandler   stm32f10x_it.o
    0x08001748   0x08001748   0x00000006   Code   RO         2618    i.TIM_ClearFlag     stm32f10x_tim.o
    0x0800174e   0x0800174e   0x00000006   Code   RO         2619    i.TIM_ClearITPendingBit  stm32f10x_tim.o
    0x08001754   0x08001754   0x00000018   Code   RO         2624    i.TIM_Cmd           stm32f10x_tim.o
    0x0800176c   0x0800176c   0x000001e8   Code   RO         2629    i.TIM_DeInit        stm32f10x_tim.o
    0x08001954   0x08001954   0x00000012   Code   RO         2649    i.TIM_ITConfig      stm32f10x_tim.o
    0x08001966   0x08001966   0x00000002   PAD
    0x08001968   0x08001968   0x000000a4   Code   RO         2695    i.TIM_TimeBaseInit  stm32f10x_tim.o
    0x08001a0c   0x08001a0c   0x00000044   Code   RO          147    i.USART1_IRQHandler  stm32f10x_it.o
    0x08001a50   0x08001a50   0x00000038   Code   RO          148    i.USART2_IRQHandler  stm32f10x_it.o
    0x08001a88   0x08001a88   0x00000012   Code   RO         3156    i.USART_ClearFlag   stm32f10x_usart.o
    0x08001a9a   0x08001a9a   0x00000018   Code   RO         3160    i.USART_Cmd         stm32f10x_usart.o
    0x08001ab2   0x08001ab2   0x0000001a   Code   RO         3163    i.USART_GetFlagStatus  stm32f10x_usart.o
    0x08001acc   0x08001acc   0x0000004a   Code   RO         3166    i.USART_ITConfig    stm32f10x_usart.o
    0x08001b16   0x08001b16   0x00000002   PAD
    0x08001b18   0x08001b18   0x000000d8   Code   RO         3167    i.USART_Init        stm32f10x_usart.o
    0x08001bf0   0x08001bf0   0x0000000a   Code   RO         3174    i.USART_ReceiveData  stm32f10x_usart.o
    0x08001bfa   0x08001bfa   0x00000008   Code   RO         3177    i.USART_SendData    stm32f10x_usart.o
    0x08001c02   0x08001c02   0x00000002   PAD
    0x08001c04   0x08001c04   0x00000050   Code   RO          149    i.USB_LP_CAN1_RX0_IRQHandler  stm32f10x_it.o
    0x08001c54   0x08001c54   0x00000004   Code   RO          150    i.UsageFault_Handler  stm32f10x_it.o
    0x08001c58   0x08001c58   0x0000000e   Code   RO         3911    i.__scatterload_copy  mc_w.l(handlers.o)
    0x08001c66   0x08001c66   0x00000002   Code   RO         3912    i.__scatterload_null  mc_w.l(handlers.o)
    0x08001c68   0x08001c68   0x0000000e   Code   RO         3913    i.__scatterload_zeroinit  mc_w.l(handlers.o)
    0x08001c76   0x08001c76   0x00000002   PAD
    0x08001c78   0x08001c78   0x00000048   Code   RO          293    i.bus_off           obdii.o
    0x08001cc0   0x08001cc0   0x00000036   Code   RO          365    i.bytesToHexString  hexstring.o
    0x08001cf6   0x08001cf6   0x00000002   PAD
    0x08001cf8   0x08001cf8   0x00000064   Code   RO          295    i.can_rcv           obdii.o
    0x08001d5c   0x08001d5c   0x0000009c   Code   RO          296    i.can_send          obdii.o
    0x08001df8   0x08001df8   0x00000014   Code   RO            3    i.delay             main.o
    0x08001e0c   0x08001e0c   0x00000020   Code   RO          153    i.dif_count_obd     stm32f10x_it.o
    0x08001e2c   0x08001e2c   0x00000020   Code   RO          154    i.dif_count_obd2    stm32f10x_it.o
    0x08001e4c   0x08001e4c   0x0000002a   Code   RO          366    i.hexStringToBytes  hexstring.o
    0x08001e76   0x08001e76   0x00000002   PAD
    0x08001e78   0x08001e78   0x00000064   Code   RO            4    i.main              main.o
    0x08001edc   0x08001edc   0x0000003a   Code   RO         3578    i.prvAllocateTCBAndStack  tasks.o
    0x08001f16   0x08001f16   0x00000002   PAD
    0x08001f18   0x08001f18   0x0000006c   Code   RO         3579    i.prvCheckTasksWaitingTermination  tasks.o
    0x08001f84   0x08001f84   0x00000012   Code   RO         3580    i.prvDeleteTCB      tasks.o
    0x08001f96   0x08001f96   0x00000002   PAD
    0x08001f98   0x08001f98   0x00000018   Code   RO         3581    i.prvIdleTask       tasks.o
    0x08001fb0   0x08001fb0   0x00000048   Code   RO         3582    i.prvInitialiseTCBVariables  tasks.o
    0x08001ff8   0x08001ff8   0x00000068   Code   RO         3583    i.prvInitialiseTaskLists  tasks.o
    0x08002060   0x08002060   0x00000014   Code   RO         3782    i.prvSetupTimerInterrupt  port.o
    0x08002074   0x08002074   0x000000d8   Code   RO         3843    i.pvPortMalloc      heap_2.o
    0x0800214c   0x0800214c   0x0000001a   Code   RO         3783    i.pxPortInitialiseStack  port.o
    0x08002166   0x08002166   0x00000002   PAD
    0x08002168   0x08002168   0x0000001c   Code   RO          156    i.setms_timecount   stm32f10x_it.o
    0x08002184   0x08002184   0x0000001c   Code   RO          157    i.setms_timecount_HTGP  stm32f10x_it.o
    0x080021a0   0x080021a0   0x0000001c   Code   RO          158    i.setms_timecount_obd  stm32f10x_it.o
    0x080021bc   0x080021bc   0x0000001c   Code   RO          159    i.setms_timecount_obd2  stm32f10x_it.o
    0x080021d8   0x080021d8   0x0000001a   Code   RO         3445    i.vListInitialise   list.o
    0x080021f2   0x080021f2   0x00000006   Code   RO         3446    i.vListInitialiseItem  list.o
    0x080021f8   0x080021f8   0x00000034   Code   RO         3447    i.vListInsert       list.o
    0x0800222c   0x0800222c   0x0000001c   Code   RO         3448    i.vListInsertEnd    list.o
    0x08002248   0x08002248   0x00000024   Code   RO         3449    i.vListRemove       list.o
    0x0800226c   0x0800226c   0x00000018   Code   RO         3785    i.vPortEnterCritical  port.o
    0x08002284   0x08002284   0x0000001c   Code   RO         3786    i.vPortExitCritical  port.o
    0x080022a0   0x080022a0   0x00000040   Code   RO         3844    i.vPortFree         heap_2.o
    0x080022e0   0x080022e0   0x00000010   Code   RO         3787    i.vPortYieldFromISR  port.o
    0x080022f0   0x080022f0   0x00000068   Code   RO         3586    i.vTaskDelay        tasks.o
    0x08002358   0x08002358   0x000000c0   Code   RO         3592    i.vTaskIncrementTick  tasks.o
    0x08002418   0x08002418   0x00000048   Code   RO         3598    i.vTaskStartScheduler  tasks.o
    0x08002460   0x08002460   0x00000010   Code   RO         3600    i.vTaskSuspendAll   tasks.o
    0x08002470   0x08002470   0x00000070   Code   RO         3601    i.vTaskSwitchContext  tasks.o
    0x080024e0   0x080024e0   0x00000034   Code   RO         3788    i.xPortStartScheduler  port.o
    0x08002514   0x08002514   0x0000010c   Code   RO         3603    i.xTaskGenericCreate  tasks.o
    0x08002620   0x08002620   0x000000dc   Code   RO         3608    i.xTaskResumeAll    tasks.o
    0x080026fc   0x080026fc   0x00000020   Data   RO         3909    Region$$Table       anon$$obj.o


    Execution Region RW_IRAM1 (Exec base: 0x20000000, Load base: 0x0800271c, Size: 0x0000e560, Max: 0x00010000, ABSOLUTE)

    Exec Addr    Load Addr    Size         Type   Attr      Idx    E Section Name        Object

    0x20000000   0x0800271c   0x0000000a   Data   RW            6    .data               main.o
    0x2000000a   0x08002726   0x00000006   PAD
    0x20000010   0x0800272c   0x00000038   Data   RW          161    .data               stm32f10x_it.o
    0x20000048   0x08002764   0x00000010   Data   RW          298    .data               obdii.o
    0x20000058   0x08002774   0x00000004   Data   RW          393    .data               blu.o
    0x2000005c   0x08002778   0x00000014   Data   RW          779    .data               stm32f10x_rcc.o
    0x20000070   0x0800278c   0x00000038   Data   RW         3611    .data               tasks.o
    0x200000a8   0x080027c4   0x00000004   Data   RW         3789    .data               port.o
    0x200000ac   0x080027c8   0x00000018   Data   RW         3848    .data               heap_2.o
    0x200000c4        -       0x00000212   Zero   RW            5    .bss                main.o
    0x200002d6        -       0x000000fa   Zero   RW          297    .bss                obdii.o
    0x200003d0        -       0x000000c8   Zero   RW          392    .bss                blu.o
    0x20000498        -       0x000000c8   Zero   RW         3610    .bss                tasks.o
    0x20000560        -       0x0000a000   Zero   RW         3847    .bss                heap_2.o
    0x2000a560        -       0x00004000   Zero   RW         3438    STACK               startup_stm32f10x_hd.o


==============================================================================

Image component sizes


      Code (inc. data)   RO Data    RW Data    ZI Data      Debug   Object Name

       368         24          0          4        200       2567   blu.o
         0          0          0          0          0         32   core_cm3.o
       280         30          0         24      40960       3507   heap_2.o
        96          0          0          0          0       2814   hexstring.o
       148          0          0          0          0       2905   list.o
       996        122          0         10        530     267312   main.o
       132         22          0          0          0       1571   misc.o
      2368        140          0         16        250       7971   obdii.o
       354         52          0          4          0       4421   port.o
        36          8        304          0      16384        868   startup_stm32f10x_hd.o
       796          4          0          0          0       4681   stm32f10x_can.o
       286          0          0          0          0       3072   stm32f10x_gpio.o
       428         98          0         56          0       7375   stm32f10x_it.o
        68         30          0          0          0       2502   stm32f10x_iwdg.o
       340         44          0         20          0       5596   stm32f10x_rcc.o
       706        106          0          0          0       4257   stm32f10x_tim.o
       376          6          0          0          0       6031   stm32f10x_usart.o
       328         28          0          0          0       1757   system_stm32f10x.o
      1368        208          0         56        200      10736   tasks.o

    ----------------------------------------------------------------------
      9492        922        336        196      58524     339975   Object Totals
         0          0         32          0          0          0   (incl. Generated)
        18          0          0          6          0          0   (incl. Padding)

    ----------------------------------------------------------------------

      Code (inc. data)   RO Data    RW Data    ZI Data      Debug   Library Member Name

         0          0          0          0          0          0   entry.o
         0          0          0          0          0          0   entry10a.o
         0          0          0          0          0          0   entry11a.o
         8          4          0          0          0          0   entry2.o
         4          0          0          0          0          0   entry5.o
         0          0          0          0          0          0   entry7b.o
         0          0          0          0          0          0   entry8b.o
         8          4          0          0          0          0   entry9a.o
        30          0          0          0          0          0   handlers.o
        36          8          0          0          0         68   init.o
        36          0          0          0          0         68   memcpya.o
        36          0          0          0          0        108   memseta.o
        24          0          0          0          0         76   strncpy.o

    ----------------------------------------------------------------------
       184         16          0          0          0        320   Library Totals
         2          0          0          0          0          0   (incl. Padding)

    ----------------------------------------------------------------------

      Code (inc. data)   RO Data    RW Data    ZI Data      Debug   Library Name

       182         16          0          0          0        320   mc_w.l

    ----------------------------------------------------------------------
       184         16          0          0          0        320   Library Totals

    ----------------------------------------------------------------------

==============================================================================


      Code (inc. data)   RO Data    RW Data    ZI Data      Debug   

      9676        938        336        196      58524     335351   Grand Totals
      9676        938        336        196      58524     335351   ELF Image Totals
      9676        938        336        196          0          0   ROM Totals

==============================================================================

    Total RO  Size (Code + RO Data)                10012 (   9.78kB)
    Total RW  Size (RW Data + ZI Data)             58720 (  57.34kB)
    Total ROM Size (Code + RO Data + RW Data)      10208 (   9.97kB)

==============================================================================

